c0000000 T _start
c0000000 T uboot_start
c0000500 T asm_reset
c0000500 t reset
c00005fc t ale_mode
c0000614 t flash_speedup
c0000640 t no_flash
c00006a8 t octeon1_plus
c00006bc T InitTLBStart
c00006bc t InitTLBStart_local
c00006d4 t clear_scratch
c0000720 t InitTLB
c0000764 t InitTLBloop
c00007f8 t skip_icachetch_disable
c00008b4 t is_node0
c00008bc t __dummy
c0000944 t uboot_in_flash
c0000950 t uboot_in_ram
c0000998 t compat_space
c00009a4 t addr_fixup_done
c00009cc t core_0_tlb
c00009d8 t single_tlb_setup_mark
c0000a0c t uboot_in_cache
c0000a3c t change_boot_mappings_mark
c0000ac8 t uboot_in_ram2
c0000adc t __mapped_continue_label
c0000b7c t invalid_boot_vector
c0000b98 t core_0_cont1
c0000bc8 T relocate_code
c0000bd8 T relocate_code_octeon
c0000cc4 t copyDone
c0000cf4 t in_ram
c0000d50 t romReserved
c0000d58 T romExcHandle
c0000d94 t clear_scratch_exc
c0000e30 t _show_trap_and_core_num
c0000e48 t romExcLoop
c0000e54 t debugHandler
c0000e58 T debugHandler_entrypoint
c0000ea0 t debugHandler_notzero
c0000ea8 t debugHandler_zero
c0000eb0 T OcteonBreak
c0000eb8 T SecondaryCoreInit
c0000f38 T simple_tlb_setup
c0000f5c t simple_tlb_setup_loop
c0000fa0 T single_tlb_setup
c0000fc8 t single_tlb_setup_cont
c0001020 t change_boot_mappings
c000103c T tlbwi_and_eret
c0001050 T asm_launch_linux_entry_point
c0001090 T octeon_uart_write_char
c00010b4 T octeon_uart_write_lf
c00010ec t uart_write_string
c0001108 t uart_write_str_get_addr
c0001158 t uart_write_hex
c00011c4 T exception_handler_stage2
c0001250 T exception_handler_stage3
c000132c t __except_get_addr
c0001438 t stack_loop
c0001458 t not_sp
c0001460 t skip_space
c000149c t skip_stack
c00014e4 t uart_tx_fifo_not_empty
c0001544 t reset_78xx
c000157c t reset_78xx_node0
c000158c t MESSAGE_INVALID_BOOT_VECTOR
c00015a5 t MESSAGE_STATUS
c00015b8 t MESSAGE_CAUSE
c00015c8 t MESSAGE_EBASE
c00015d8 t MESSAGE_EPC
c00015e8 t MESSAGE_BADVADDR
c00015f8 t MESSAGE_WILL_RESET
c000161c t MESSAGE_INSTRUCTION
c000162c t MESSAGE_STACK
c000163c t MESSAGE_NMI
c0001644 t MESSAGE_WATCHDOG
c0001654 t MESSAGE_CAUSE_INT
c0001664 t MESSAGE_CAUSE_MOD
c0001684 t MESSAGE_CAUSE_TLBL
c00016a0 t MESSAGE_CAUSE_TLBS
c00016b8 t MESSAGE_CAUSE_ADEL
c00016e8 t MESSAGE_CAUSE_ADES
c000170c t MESSAGE_CAUSE_IBE
c0001730 t MESSAGE_CAUSE_DBE
c0001768 t MESSAGE_CAUSE_SYS
c0001780 t MESSAGE_CAUSE_BP
c0001798 t MESSAGE_CAUSE_RI
c00017bc t MESSAGE_CAUSE_CPU
c00017e0 t MESSAGE_CAUSE_OV
c0001804 t MESSAGE_CAUSE_TR
c0001818 t MESSAGE_CAUSE_UNKNOWN
c0001838 t MESSAGE_CAUSE_FPE
c0001854 t MESSAGE_CAUSE_ID0
c0001878 t MESSAGE_CAUSE_ID1
c000189c t MESSAGE_CAUSE_C2E
c00018b8 t MESSAGE_CAUSE_MDMX
c00018d4 t MESSAGE_CAUSE_WATCH
c00018fc t MESSAGE_CAUSE_MCHECK
c0001910 t MESSAGE_CAUSE_THREAD
c0001940 t MESSAGE_CAUSE_CACHEERR
c0001950 t MESSAGE_CAUSE_ARRAY
c00019d0 T nmi_exception_handler
c0001a40 T exception_handler_stage1
c0001a50 t API_udelay
c0001a5c t API_display_clear
c0001a7c t API_display_draw_bitmap
c0001a90 t API_display_get_info
c0001aa0 t API_env_enum
c0001b6c t API_env_set
c0001bb0 t API_env_get
c0001c00 t API_dev_write
c0001c6c t API_dev_read
c0001d30 t API_dev_close
c0001dac t API_dev_open
c0001e2c t API_dev_enum
c0001e94 t API_get_timer
c0001edc t API_get_sys_info
c0001f14 t API_reset
c0001f40 t API_puts
c0001f78 t API_tstc
c0001fb4 t API_putc
c0001fec t API_getc
c0002028 T syscall
c00020b8 T api_init
c0002240 T platform_set_mr
c00022a0 T display_get_info
c00022b0 T display_draw_bitmap
c00022c0 T display_clear
c00022c8 T dev_open_net
c0002304 T dev_close_net
c0002338 T dev_enum_net
c0002384 T dev_write_net
c0002390 T dev_read_net
c000239c t dev_stor_type
c0002428 t dev_stor_is_valid
c00024b4 t dev_stor_get
c000261c T dev_stor_init
c0002624 T dev_enum_reset
c0002650 T dev_enum_storage
c0002788 T dev_open_stor
c00027d0 T dev_close_stor
c00027d8 T dev_read_stor
c00028e8 T platform_sys_info
c0002954 t CVMX_BOOTMEM_NAMED_GET_NAME
c00029b0 t __cvmx_bootmem_check_version
c0002a00 t __cvmx_validate_mem_range
c0002a40 T CVMX_BOOTMEM_NAMED_SET_NAME
c0002a98 T cvmx_bootmem_init
c0002ab0 T cvmx_bootmem_phy_alloc
c0002dac T __cvmx_bootmem_phy_free
c0003068 T cvmx_bootmem_phy_list_print
c000314c T cvmx_bootmem_phy_named_block_find
c00032e8 T __cvmx_bootmem_find_named_block_flags
c0003368 T cvmx_bootmem_find_named_block
c0003370 T cvmx_bootmem_phy_named_block_free
c000345c T cvmx_bootmem_free_named
c0003464 T cvmx_bootmem_phy_named_block_alloc
c0003600 T cvmx_bootmem_alloc_named_range_once
c0003770 T cvmx_bootmem_phy_named_block_print
c00038f4 T cvmx_bootmem_phy_mem_list_init
c0003c90 T cvmx_bootmem_phy_mem_list_init_multi
c0004068 T cvmx_bootmem_reserve_memory
c00041d4 T __cvmx_bootmem_internal_get_desc_ptr
c00041e0 t cvmx_boot_vector_init
c0004344 T cvmx_boot_vector_get
c0004370 T cvmx_clock_get_rate_node
c00043e0 T cvmx_clock_get_rate
c00043f0 T cvmx_coremask_barrier_sync
c00045fc T cvmx_coremask_str2bmp
c00047d0 T cvmx_coremask_print
c00049c8 T cvmx_fdt_get_fdt_size
c00049f4 T cvmx_helper_qlm_jtag_init
c0004af4 T cvmx_helper_qlm_jtag_shift
c0004c04 T cvmx_helper_qlm_jtag_shift_zeros
c0004c70 T cvmx_helper_qlm_jtag_update
c0004d54 T cvmx_helper_qlm_jtag_capture
c0004e38 T cvmx_l2c_address_to_tad
c0004f08 T cvmx_l2c_get_set_bits
c000506c T cvmx_l2c_v2_address_to_tag
c0005198 T cvmx_l2c_get_num_sets
c00051bc T cvmx_l2c_address_to_index
c0005394 T cvmx_l2c_get_num_assoc
c00055a4 T cvmx_l2c_lock_line
c00059bc T cvmx_l2c_lock_mem_region
c0005a28 T cvmx_l2c_flush_line
c0005be8 T cvmx_l2c_flush
c0005cec T cvmx_pcie_cfgx_read_node
c0005dc4 T cvmx_pcie_cfgx_write_node
c0005ea0 T cvmx_sysinfo_get
c0005eac T cvmx_sysinfo_minimal_initialize
c0005f34 T cvmx_warn
c0005fa8 T __octeon_is_model_runtime__
c00061e0 T cvmx_wait_usec
c000623c T cvmx_phys_to_ptr
c00062d8 T cvmx_ptr_to_phys
c0006330 T octeon_model_get_string_buffer
c0006f54 T cvmx_qlm_get_num
c0007040 T cvmx_qlm_get_lanes
c0007098 T cvmx_qlm_jtag_get_field
c0007160 t __cvmx_qlm_lookup_field
c00071d0 T cvmx_qlm_jtag_get_length
c000721c T cvmx_qlm_jtag_get
c00072f4 T cvmx_qlm_jtag_set
c0007548 T __cvmx_qlm_pcie_idle_dac_tweak
c00075e4 T cvmx_qlm_get_gbaud_mhz_node
c0007820 T cvmx_qlm_measure_clock_cn78xx
c00078f4 T cvmx_qlm_measure_clock
c0007ae8 T __cvmx_qlm_set_mult
c0007c50 T cvmx_qlm_get_gbaud_mhz
c0007f60 T __cvmx_qlm_speed_tweak
c00084b0 T cvmx_qlm_init
c000869c T do_reset
c000880c T flush_cache
c0008824 T write_one_tlb64
c000884c T get_num_tlb_entries
c0008874 T enable_interrupts
c000887c T disable_interrupts
c0008884 T octeon_get_cpu_multiplier
c0008958 T octeon_get_ioclk_hz
c0008a10 T calculate_header_crc
c0008a58 T calculate_image_crc
c0008a7c T lowcase
c0008ac0 T octeon_init_cvmcount
c0008c2c T memset
c0008cf0 T memcmp
c0008de8 T memcpy
c0008f44 T octeon_bist_start
c0008f98 T get_except_base_reg
c0008fa4 T set_except_base_addr
c0008fac T get_cop0_cvmctl_reg
c0008fb8 T set_cop0_cvmctl_reg
c0008fc0 T get_cop0_cvmmemctl_reg
c0008fcc T set_cop0_cvmmemctl_reg
c0008fd4 T get_core_num
c0008ff4 T get_except_base_addr
c0009014 T octeon_build_exception_table
c00090c8 T copy_default_except_handlers
c00091f0 T octeon_translate_gd_to_linux_app_global_data
c0009464 W octeon_setup_boot_desc_block_board
c000946c T octeon_write64_byte
c00094c0 T octeon_read64_byte
c00094f8 T memcpy64
c0009650 T memset64
c0009758 T mem_copy_tlb
c0009928 W octeon_setup_boot_desc_block
c000a5a8 T uboot_tlb_ptr_to_phys
c000a628 T octeon_get_boot_vector
c000a66c T octeon_boot_bus_moveable_init
c000a714 T octeon_setup_boot_vector
c000a8c4 T get_coremask_override
c000a984 T octeon_get_available_coremask
c000aca4 T validate_coremask
c000add8 T octeon_get_available_core_count
c000ae14 T start_cores
c000b170 T octeon_sync_cores
c000b190 T octeon_setup_ram_env
c000b1f4 T octeon_restore_std_mips_config
c000b230 T octeon_free_tmp_named_blocks
c000b2fc T octeon_bootloader_shutdown
c000b370 T arch_preboot_os
c000b378 T octeon_setup_cvmx_sysinfo
c000b3cc T overwrite_console
c000b3d4 T crc32_no_comp
c000b460 T crc32
c000b480 T crc32_wd
c000b488 T crc32_wd_buf
c000b4d4 T octeon_init_dram
c000b5fc T octeon_import_ram_env
c000b760 T octeon_dram_clear_access_errors
c000bddc t on_pci_console_active
c000c0f0 t on_console_uart
c000c148 T octeon_env_init
c000c150 T __octeon_early_errata_workaround_f
c000c150 W octeon_early_errata_workaround_f
c000c1a4 T __octeon_late_errata_workaround_f
c000c1a4 W octeon_late_errata_workaround_f
c000c2e0 T do_go_exec_uboot_app
c000c5c0 T do_go_exec
c000c6f0 T do_bootelf_exec
c000c748 T timer_init
c000c784 T get_timer
c000c7fc T __udelay
c000c848 T get_ticks
c000c868 T get_tbclk
c000c870 t octeon_set_one_fdt_mac
c000c8f8 T __octeon_fdt_patch_rename
c000c8f8 W octeon_fdt_patch_rename
c000cc9c T __octeon_fdt_patch
c000cc9c W octeon_fdt_patch
c000cd00 T __octeon_fixup_fdt
c000cd00 W octeon_fixup_fdt
c000d08c T break_core_start_app
c000d098 t alloc_tlbs
c000d1dc t octeon_setup_crt0_tlb
c000d280 t octeon_parse_nodes
c000d30c t get_tlb_mapping_size.part.1
c000d358 T octeon_parse_bootopts
c000d948 T add_tlb_mapping
c000dd74 T copy_tlb_entry
c000de1c T mem_set_tlb
c000dfb4 T bl_write_tlb
c000dfe8 t _start_app
c000e254 T start_app
c000e25c T start_app_hotplug
c000e264 T copy_elf64_header
c000e2d0 T copy_elf64_section_header
c000e324 T copy_elf64_program_header
c000e368 T read_elf_info
c000e7f4 T do_bootocteon
c000f680 T idle_core_start_app
c000f6ec t elf_accessors_le16
c000f6f8 t elf_accessors_le32
c000f708 t elf_accessors_be16
c000f710 t elf_accessors_be32
c000f718 t elf_accessors_be64
c000f720 t elf_accessors_le64
c000f730 T get_elf_accessors
c000f750 T valid_elf_image
c000f830 T load_elf_image
c000f970 T do_bootvx
c000fc4c T load_elf64_image
c000ff60 T do_bootelf
c0010038 T do_nmi
c00101e0 T validate_header
c00102ac T get_image_size
c00102f4 T validate_data
c001036c T do_bootloader_validate
c001045c T do_bootloader_update
c0011c0c T do_octreginfo
c0012208 T do_icache_invalidate
c001221c T do_dcache_flush
c0012230 T do_flush_l2c
c0012250 T do_bootmem_free_print
c0012270 T do_bootmem_named_print
c0012290 T do_bootmem_named_free
c00122fc T do_bootmem_named_alloc
c0012450 T do_write64l
c00124d8 T do_write64s
c0012564 T do_write64
c0012610 T do_read64s
c0012688 T do_write64b
c0012718 T do_read64l
c001279c T do_read64
c0012820 T do_read64b
c00128ac T do_mem_loop64
c0012a50 T do_mem_base64
c0012a9c T do_mem_cmp64
c0012c68 T do_mem_cp64
c0012dc8 t mod_mem64.isra.0
c0013028 T do_mem_nm64
c0013030 T do_mem_mm64
c0013038 T print_buffer64
c0013298 T cmd_get_data_swap64
c00132d8 T do_mem_mw64
c0013488 T do_mem_md64
c00135cc T do_bootoctelf
c0013b58 T setup_linux_app_boot_info
c0013c88 T do_bootoctlinux
c00144fc T start_os_common
c00145b4 T start_elf
c0014674 T start_linux
c0014758 t encode_time
c0014798 T do_boot_bus_set
c0014b54 T do_boot_bus_print
c0014fa8 T do_boot_bus
c0015048 T md5
c0015224 T md5_wd
c001522c t sha1_update.part.0
c0015408 T sha1_starts
c0015450 T sha1_update
c0015468 T sha1_finish
c00155d0 T sha1_csum_wd
c001563c t __set_qlm_pcie_mode_61xx
c00156f0 t __qlm_tune_cn78xx
c0015878 t __setup_pem_reset
c00158e4 t __qlm_setup_pll_cn78xx
c0015b20 t __cvmx_qlm_pcie_errata_cn78xx
c00164a8 t __dlmx_setup_pcie_cn70xx.isra.0.part.1
c0016b94 t __qlm_init_errata_20844
c0016cd4 t __get_lane_mode_for_speed_and_ref_clk
c0016e0c T cvmx_qlm_is_ref_clock
c0016e70 t __get_qlm_spd
c0016fc8 T octeon_configure_qlm_cn78xx
c0017b10 T octeon_configure_qlm
c0019bbc t ocx_duplicate_node
c0019c1c t ocx_pp_read
c0019cd4 t ocx_pp_write
c0019d70 T oci_init
c001a83c W octeon_dram_test
c001a844 t octeon_early_console_init_f
c001a858 t display_banner
c001a884 t init_baudrate
c001a8e4 T __early_uart_init_f
c001a8e4 W early_uart_init_f
c001a918 T __octeon_setup_clocks
c001a918 W octeon_setup_clocks
c001aa68 W early_board_init_r
c001aa70 W misc_init_r
c001aa78 T board_init_f
c001aec0 T board_init_r
c001d11c t linux_env_set
c001d204 t boot_prep_linux
c001d4a4 t boot_jump_linux
c001d4f8 T do_bootm_linux
c001d570 W octeon_adjust_board_name
c001d578 T __display_board_info
c001d578 W display_board_info
c001e16c W late_board_init
c001e174 T __octeon_boot_bus_get_range
c001e174 W octeon_boot_bus_get_range
c001e2b0 T do_bdinfo
c001e3bc t do_go
c001e450 t image_info
c001e580 T do_bootd
c001e5b4 t copy_args
c001e640 t do_bootm_rtems
c001e6b4 t do_iminfo
c001e764 t do_bootm_plan9
c001e854 t do_bootm_netbsd
c001e9a0 t do_bootm_states.isra.15.constprop.16
c001f5bc T do_bootm
c001f6d4 T bootm_maybe_autostart
c001f768 t do_bunzip
c001f890 t do_coninfo
c001f9ac t do_echo
c001fab8 T eeprom_read
c001fb90 T eeprom_write
c001fc68 T do_eeprom
c001fd9c t fdt_valid
c001fe78 t is_printable_string
c001ff30 t print_data
c0020168 T set_working_fdt_addr
c0020180 t do_fdt
c0021130 t do_gpio
c0021298 t do_help
c00212d4 t get_alen
c0021318 t do_i2c
c00213b8 t do_i2c_reset
c00213f8 t do_i2c_mw
c0021518 t do_i2c_read
c0021608 t do_i2c_probe
c00216d4 t do_i2c_md
c00218f8 t do_i2c_crc
c0021a40 T do_i2c_bus_num
c0021b14 t do_i2c_bus_speed
c0021ba0 T do_i2c_show_bus
c0021cd0 t do_i2c_write
c0021e10 t do_i2c_loop
c0021f34 t mod_i2c_mem.isra.4
c002217c t do_i2c_nm
c0022184 t do_i2c_mm
c002218c W i2c_init_board
c0022194 t evalexp
c0022228 t binary_test
c002241c t do_itest
c00224d4 t bin_data_init
c00224f0 t k_data_restore
c0022524 t load_serial_ymodem
c0022624 t getcxmodem
c0022650 t write_record
c002269c T do_save_serial
c0022870 t bin_data_char
c0022898 t chk1.constprop.1
c00228c8 t s1_sendpacket.constprop.2
c0022928 t load_serial
c0022b3c t do_load_serial
c0022c40 t do_load_serial_bin
c0023538 t do_md5sum
c00236b0 t do_mem_loop
c0023840 t do_mem_base
c002388c t do_mem_cmp
c0023a40 t do_mem_crc
c0023aec t do_mem_cp
c0023c20 t do_mem_mw
c0023d38 t do_mem_md
c0023e54 t mod_mem.isra.2
c0024060 t do_mem_nm
c0024068 t do_mem_mm
c0024070 W board_show_dram
c00240a8 t do_mem_info
c00240cc t extract_range
c0024138 t do_mii
c0024914 t do_sleep
c00249b0 t do_ping
c0024a34 t netboot_common
c0024d98 t do_nfs
c0024da4 t do_dhcp
c0024db0 t do_tftpsrv
c0024dbc t do_bootp
c0024dc8 T do_tftpput
c0024dd4 T do_tftpb
c0024e28 T do_cdp
c0024ef0 T do_dns
c0024fa0 t print_active_callback
c0025034 t print_static_binding
c0025064 t do_env_delete
c0025158 t do_env_grep
c0025280 t env_print
c0025340 t do_env_print
c0025448 t do_env
c00254e8 t do_env_import
c002578c t do_env_default
c0025844 T do_env_flags
c00259b8 T do_env_callback
c0025b0c t print_active_flags
c0025b84 t print_static_flags
c0025c08 t _do_env_set.isra.0
c0025e10 t do_env_set
c0025e30 T do_env_ask
c0025fa8 T get_env_id
c0025fb4 T setenv
c0026010 T setenv_force
c0026078 T setenv_ulong
c00260a8 T setenv_hex
c00260e8 t do_env_export
c00263c8 T envmatch
c0026474 T getenv_f
c0026588 T getenv
c00265fc t do_env_edit
c002668c T getenv_ulong
c00266e4 T getenv_hex
c0026738 t get_arg
c00267b8 t substitute
c00268f8 t regex_sub
c0026c1c t do_setexpr
c0026e24 T do_sha1sum
c0026e64 T source
c0027048 T do_source
c00270c8 T do_strings
c00271d4 t do_time
c00272d0 t do_unlzma
c0027400 t do_unzip
c00274ec t do_version
c0027530 t do_imgextract
c0027954 T find_cmd_tbl
c0027a24 T find_cmd
c0027a48 T cmd_usage
c0027ac0 T _do_help
c0027c90 T var_complete
c0027cfc T cmd_auto_complete
c002820c T cmd_get_data_size
c0028284 T cmd_process
c00283d0 t console_tstc
c002848c t console_putc
c002851c t console_puts
c00285ac T serial_printf
c0028600 t on_silent
c0028608 T fgetc
c0028678 T fputs
c0028694 T fprintf
c00286f0 T getc
c0028720 T tstc
c0028750 T putc
c002878c T puts
c00287c8 T printf
c0028828 t on_console
c0028920 T vprintf
c0028968 T ctrlc
c00289d8 T disable_ctrlc
c00289e8 T had_ctrlc
c00289f4 T clear_ctrlc
c0028a00 T search_device
c0028a44 T console_assign
c0028b44 T console_init_f
c0028b88 T console_init_r
c0028d94 T sbrk
c0028e10 T mem_malloc_init
c0028e30 T malloc_trim
c0028f24 T free
c0029170 T malloc
c0029814 T calloc
c002990c T realloc
c0029e70 T env_attr_walk
c0029fdc T env_attr_lookup
c002a1d8 t clear_callback
c002a1e4 t on_callbacks
c002a244 t set_callback
c002a334 T env_callback_init
c002a444 W env_get_char_spec
c002a444 t __env_get_char_spec
c002a454 T env_get_addr
c002a47c T env_get_char_memory
c002a49c T env_get_char
c002a4d4 T getenv_yesno
c002a528 T getenv_default
c002a574 T set_default_env
c002a630 T set_default_vars
c002a658 T __env_import
c002a658 W env_import
c002a730 T env_relocate
c002a74c T env_complete
c002a884 t skip_num
c002a914 t clear_flags
c002a920 t on_flags
c002a980 T env_flags_print_vartypes
c002a9f0 T env_flags_print_varaccess
c002aa60 T env_flags_get_vartype_name
c002aa78 T env_flags_get_varaccess_name
c002aa90 T env_flags_parse_vartype
c002ab04 T env_flags_parse_varaccess
c002ab6c t set_flags
c002ac28 T env_flags_parse_varaccess_from_binflags
c002ac7c T env_flags_init
c002ad34 T env_flags_validate
c002b0cc T env_relocate_spec
c002b0d4 T env_init
c002b0f0 t dummy
c002b0f8 T get_version
c002b100 T jumptable_init
c002b2b4 T fdt_initrd
c002b4a8 T fdt_chosen
c002b5ec T fdt_fixup_memory_banks
c002b894 T fdt_fixup_memory
c002b8c0 T fdt_resize
c002b990 t show_hash
c002ba1c t find_hash_algo
c002ba8c T hash_command
c002bdc0 t fdt_error
c002bdfc T boot_fdt_add_mem_rsv_regions
c002beb4 T boot_relocate_fdt
c002c09c T boot_get_fdt
c002c460 T fit_parse_conf
c002c4e8 T fit_parse_subimage
c002c570 T fit_get_desc
c002c5ac T fit_get_timestamp
c002c604 T fit_image_get_node
c002c660 T fit_image_get_os
c002c6b8 T fit_image_get_arch
c002c710 T fit_image_get_type
c002c768 T fit_image_get_comp
c002c7c0 T fit_image_get_load
c002c804 T fit_image_get_entry
c002c848 T fit_image_get_data
c002c8a4 T fit_image_hash_get_algo
c002c8e0 T fit_image_hash_get_value
c002c93c t fit_image_print_data
c002cb10 T fit_image_print
c002cf00 T calculate_hash
c002cff0 T fit_image_verify
c002d240 T fit_all_image_verify
c002d388 T fit_image_check_os
c002d3c4 T fit_image_check_arch
c002d400 T fit_image_check_type
c002d43c T fit_image_check_comp
c002d478 T fit_check_format
c002d4ec T fit_conf_get_node
c002d57c T fit_conf_get_prop_node
c002d5bc T fit_conf_print
c002d6f4 T fit_print_contents
c002d9a4 T fit_image_select
c002da40 T fit_get_node_from_config
c002daa4 T fit_image_load
c002df84 t on_loadaddr
c002dfc4 T image_check_hcrc
c002e010 T image_check_dcrc
c002e04c T image_multi_count
c002e06c T image_multi_getimg
c002e118 T getenv_bootm_low
c002e154 T getenv_bootm_size
c002e1c8 T getenv_bootm_mapsize
c002e204 T memmove_wd
c002e21c T genimg_print_size
c002e258 T genimg_print_time
c002e298 T get_table_entry_name
c002e2cc T genimg_get_os_name
c002e2e4 T genimg_get_arch_name
c002e2fc T genimg_get_type_name
c002e314 T genimg_get_comp_name
c002e32c T image_print_contents
c002e4d8 T get_table_entry_id
c002e538 T genimg_get_os_id
c002e550 T genimg_get_arch_id
c002e568 T genimg_get_type_id
c002e580 T genimg_get_comp_id
c002e598 T genimg_get_format
c002e5d8 T genimg_get_image
c002e5e0 T genimg_has_config
c002e5ec T boot_get_ramdisk
c002e950 T iomux_doenv
c002eb98 t delete_char.part.0
c002ecc8 t cread_add_char
c002edfc T __show_boot_progress
c002edfc W show_boot_progress
c002ee04 T readline_into_buffer
c002f8b8 T readline
c002f8cc T parse_line
c002f99c t builtin_run_command
c002fd44 T run_command
c002fd64 T run_command_list
c002fea4 T main_loop
c0030200 T do_run
c00302b0 T miiphy_get_dev_by_name
c003032c T miiphy_set_current_dev
c0030378 t miiphy_get_active_dev
c00303dc T miiphy_get_current_dev
c00303f4 T miiphy_read
c003045c T miiphy_write
c00304c4 T miiphy_listdev
c0030560 T miiphy_info
c003061c T miiphy_speed
c00306c8 T miiphy_duplex
c0030774 T miiphy_is_1000base_x
c003077c t hex1_bin
c00307bc t hex2_bin
c0030810 T srec_decode
c0030a90 T stdio_get_list
c0030a9c T stdio_get_by_name
c0030b10 T stdio_clone
c0030b70 T stdio_register
c0030bc4 T stdio_init
c0030c64 t CYGACC_COMM_IF_GETC_TIMEOUT.isra.1
c0030ce8 t xyzModem_flush
c0030d08 t xyzModem_get_hdr
c0030fb8 T xyzModem_stream_open
c00312a8 T xyzModem_stream_read
c0031574 T xyzModem_stream_close
c00315b0 T xyzModem_stream_terminate
c0031670 T xyzModem_error
c00316a0 T get_dev
c00316a8 t gpio_in_range
c003173c T gpio_direction_input
c0031ab0 T gpio_direction_output
c00321a8 T gpio_get_value
c0032204 T gpio_request
c003222c T gpio_free
c0032234 t octeon_i2c_lost_arb
c0032278 T octeon_init_i2c_bus
c0032280 t octeon_i2c_set_bus_speed
c0032288 T is_i2c_bus_valid
c0032368 t octeon_i2c_write_sw
c00323f8 t octeon_i2c_write_ctl
c003244c t octeon_i2c_read_sw
c00324e8 t octeon_i2c_read_status
c0032534 t octeon_i2c_bus_stop
c00325b8 t octeon_i2c_write_int
c0032634 t octeon_i2c_write_data
c0032688 t octeon_i2c_wait
c0032748 t octeon_i2c_start
c00328a0 t octeon_i2c_bus_read.constprop.6
c0032a28 T octeon_i2c_probe
c0032a74 T octeon_i2c_bus_write
c0032bfc t octeon_i2c_write
c0032d08 t octeon_i2c_read
c0032e40 T i2c_get_adapter
c0032ecc t i2c_init_bus
c0032f94 T i2c_get_bus_num
c0032fa0 T i2c_set_bus_num
c0033084 T i2c_init_all
c00330a4 T i2c_probe
c00330f0 T i2c_read
c003317c T i2c_write
c0033208 T i2c_set_bus_speed
c003328c T i2c_get_bus_speed
c00332b0 T __i2c_init
c00332b0 W i2c_init
c00332c4 T GregorianDay
c00333c8 T to_tm
c00334bc t get_current
c0033500 T serial_stdio_init
c0033594 T serial_init
c00335b4 T serial_setbrg
c00335d4 t on_baudrate
c00336f0 T serial_getc
c0033710 T serial_tstc
c0033730 T serial_putc
c0033754 T serial_puts
c0033778 t octeon_serial_putc
c00337ec t octeon_serial_puts
c0033820 T default_serial_console
c003382c W octeon_board_poll
c0033834 t octeon_serial_getc
c00338c0 t octeon_serial_tstc
c0033920 T octeon_uart_setup2
c0033a20 T octeon_uart_setup
c0033a48 t octeon_serial_init
c0033a9c T octeon_set_baud
c0033b68 t octeon_serial_setbrg
c0033b78 T fdt_check_header
c0033be4 T fdt_offset_ptr
c0033c20 T fdt_next_tag
c0033d8c T _fdt_check_node_offset
c0033dcc T _fdt_check_prop_offset
c0033e0c T fdt_next_node
c0033f08 T fdt_first_subnode
c0033f44 T fdt_next_subnode
c0033fb0 T _fdt_find_string
c003404c T fdt_move
c00340c0 t _nextprop
c0034150 T fdt_string
c0034160 T fdt_get_mem_rsv
c00341cc T fdt_num_mem_rsv
c00341f4 T fdt_subnode_offset_namelen
c0034310 T fdt_subnode_offset
c0034350 T fdt_get_name
c00343d8 T fdt_first_property_offset
c0034418 T fdt_next_property_offset
c0034458 T fdt_get_property_by_offset
c00344c8 T fdt_get_property_namelen
c00345bc T fdt_get_property
c003460c T fdt_getprop_namelen
c0034634 T fdt_getprop
c0034684 T fdt_get_alias_namelen
c00346f8 T fdt_path_offset
c0034824 T fdt_get_alias
c003485c T fdt_supernode_atdepth_offset
c0034930 T fdt_node_depth
c003496c T fdt_parent_offset
c00349c0 T fdt_stringlist_contains
c0034a70 T fdt_node_check_compatible
c0034abc T fdt_node_offset_by_compatible
c0034b54 t _fdt_packblocks
c0034bf8 t _fdt_splice
c0034c70 t _fdt_splice_struct
c0034ccc t _fdt_add_property
c0034e18 t _fdt_rw_check_header
c0034eb8 T fdt_add_mem_rsv
c0034f58 T fdt_del_mem_rsv
c0034ff0 T fdt_set_name
c00350ac T fdt_setprop
c00351a0 T fdt_delprop
c003520c T fdt_add_subnode_namelen
c0035338 T fdt_add_subnode
c0035378 T fdt_del_node
c00353ec T fdt_open_into
c00355d8 T fdt_pack
c0035640 T fdt_strerror
c0035698 T fdt_setprop_inplace
c00356f4 T fdt_nop_property
c0035740 T _fdt_node_end_offset
c0035788 T fdt_nop_node
c0035800 T addrmap_set_entry
c0035830 t default_bzfree
c0035848 t default_bzalloc
c0035850 T BZ2_bzDecompressInit
c003593c T BZ2_indexIntoF
c003597c T BZ2_bzDecompress
c0036774 T BZ2_bzDecompressEnd
c0036820 T BZ2_bzBuffToBuffDecompress
c0036928 T bz_internal_error
c0036938 T BZ2_decompress
c0039160 T BZ2_hbCreateDecodeTables
c00392c0 T cyg_crc16
c0039310 T print_size
c003942c T print_buffer
c003969c T __div64_32
c0039718 T fdtdec_get_int
c0039758 T fdtdec_get_config_int
c00397c8 T fdtdec_get_config_string
c0039824 T gzfree
c003982c T gzalloc
c003983c T zunzip
c0039988 T gunzip
c0039a54 T __hang
c0039a54 W hang
c0039a78 t cmpkey
c0039a8c t _hdelete.isra.1
c0039b00 t drop_var_from_set.part.2
c0039b88 t match_string
c0039c6c t match_entry
c0039d60 T hcreate_r
c0039e14 T hdestroy_r
c0039eac T hmatch_r
c0039f80 T hsearch_r
c003a438 T hdelete_r
c003a524 T hexport_r
c003a808 T himport_r
c003aba8 T hwalk_r
c003ac2c T skip_spaces
c003ac58 T strim
c003acd0 t lmb_add_region
c003aea4 T lmb_init
c003aecc T lmb_add
c003aed4 T lmb_reserve
c003aedc T lmb_overlaps_region
c003af38 T __lmb_alloc_base
c003b090 T lmb_alloc_base
c003b0e8 T lmb_alloc
c003b0f0 T __board_lmb_reserve
c003b0f0 W board_lmb_reserve
c003b0f8 T __arch_lmb_reserve
c003b0f8 W arch_lmb_reserve
c003b100 T string_to_ip
c003b198 T qsort
c003b2f0 T strcmp_compar
c003b2fc t emit
c003b32c t store_char_in_data
c003b35c t get_escape_char
c003b3f0 t match
c003b870 t loop_greedy
c003b940 t loop_non_greedy
c003ba08 t relocate
c003ba6c t fixup_branch.part.0
c003bacc t quantifier
c003bbac t compile
c003bfc0 T slre_compile
c003c088 T slre_match
c003c140 T strcpy
c003c164 T strncpy
c003c190 T strcat
c003c1cc T strcmp
c003c1f8 T strncmp
c003c238 T strchr
c003c26c T strlen
c003c290 T strnlen
c003c2c0 T strdup
c003c320 T strpbrk
c003c35c T strsep
c003c3ac T memmove
c003c420 T strstr
c003c4b8 T memchr
c003c4ec T udelay
c003c554 T mdelay
c003c588 t put_dec_trunc
c003c688 t put_dec
c003c804 t string.isra.0
c003c8e0 t number.isra.4
c003cb94 t vsnprintf_internal.isra.6
c003d2c4 T simple_strtoul
c003d3b0 T strict_strtoul
c003d450 T simple_strtol
c003d48c T simple_strtoull
c003d57c T vsprintf
c003d584 T sprintf
c003d5bc T panic
c003d61c T simple_itoa
c003d670 t LzmaDec_WriteRem
c003d714 t LzmaDec_DecodeReal2
c003e600 t LzmaDec_TryDummy
c003ed00 T LzmaDec_Init
c003ed24 T LzmaDec_DecodeToDic
c003f0e4 T LzmaDec_FreeProbs
c003f118 t LzmaDec_AllocateProbs2
c003f1a8 T LzmaProps_Decode
c003f248 T LzmaDec_AllocateProbs
c003f2b8 T LzmaDecode
c003f3d4 t SzFree
c003f3dc t SzAlloc
c003f3e4 T lzmaBuffToBuffDecompress
c003f4e0 T zcfree
c003f4e8 T zcalloc
c003f4f0 T inflate_fast
c003fa7c T inflate_table
c003ff44 T inflateReset
c003ffb8 T inflateInit2_
c00400d8 T inflateEnd
c0040150 T adler32
c004046c T inflate
c0041bb8 T ArpInit
c0041bf0 T arp_raw_request
c0041cd8 T ArpRequest
c0041d60 T ArpTimeoutCheck
c0041df4 t DhcpOptionsProcess
c0042078 t DhcpHandler
c00424fc T BootpRequest
c0042768 t BootpTimeout
c00427b4 T DhcpRequest
c00427bc t CDP_compute_csum
c004288c t CDPSendTrigger
c0042950 t CDPTimeout
c00429b0 T CDPStart
c0042a10 t DnsTimeout
c0042a3c t DnsHandler
c0042c50 T DnsStart
c0042d98 t eth_save_packet
c0042e1c t eth_current_changed
c0042e9c T eth_parse_enetaddr
c0042f24 T eth_getenv_enetaddr
c0042f90 T eth_getenv_enetaddr_by_index
c0042fe4 T eth_get_dev_index
c0043004 T eth_halt
c0043044 T eth_send
c004306c T eth_rx
c0043090 T eth_receive
c004317c T eth_try_another
c0043218 T eth_init
c0043308 T eth_set_current
c00433d8 T eth_get_name
c00433f8 t startAgainTimeout
c0043408 t dummy_handler
c0043410 t net_clear_handlers
c0043434 T net_auto_load
c00434ac T NetStartAgain
c0043608 T net_set_udp_handler
c0043628 T net_set_icmp_handler
c0043634 T NetSetTimeout
c0043698 T NetCksum
c00436d0 T NetEthHdrSize
c0043700 T NetSetEther
c0043798 T net_set_ip_header
c0043814 T net_set_udp_header
c00438b0 T NetSendUDPPacket
c00439d4 T copy_filename
c0043a28 t on_bootfile
c0043a60 T random_port
c0043a84 T ip_to_string
c0043aa8 T VLAN_to_string
c0043adc T string_to_VLAN
c0043b2c T getenv_VLAN
c0043b4c t NetInitLoop
c0043c6c T net_init
c0043ce0 T NetLoop
c00440e4 t basename
c0044134 t rpc_add_credentials
c0044204 t rpc_lookup_reply
c00442b0 t nfs_mount_reply
c0044344 t nfs_umountall_reply
c00443cc t nfs_lookup_reply
c0044454 t rpc_req
c0044540 t rpc_lookup_req
c0044590 t nfs_mount_req
c0044644 t nfs_umountall_req
c00446a0 t nfs_lookup_req
c0044774 t nfs_read_req
c00447f4 t nfs_readlink_req
c0044850 t nfs_readlink_reply
c004494c t NfsSend
c00449e4 t nfs_read_reply.isra.1
c0044b3c t NfsHandler
c0044d94 t NfsTimeout
c0044e0c T NfsStart
c0045054 t ping_timeout
c004507c T ping_start
c0045194 t new_transfer
c00451b8 t icmp_handler
c0045200 t TftpSend
c004545c t tftp_complete
c0045528 t update_block_number
c0045658 t TftpHandler
c0045a60 t TftpTimeout
c0045aec T TftpStart
c0045ea4 T TftpStartServer
c0045f94 T checkboard
c0046358 T board_fdt_init_f
c00463d4 T board_fdt_get_limits
c004647c T board_fixup_fdt
c004666c T board_early_init_f
c0046674 T early_board_init
c00468f0 R __dtb_begin
c0047ea9 R __dtb_end
c0047eb0 R __dtb_68xx_begin
c00496c2 R __dtb_68xx_end
c00496c8 R __dtb_78xx_begin
c004c87c R __dtb_78xx_end
c004c900 r __func__.4433
c004f108 r _cvmx_bootvector_data
c004f188 r CSWTCH.96
c004f190 r CSWTCH.16
c004f2b0 r CSWTCH.74
c004f2b8 r CSWTCH.97
c004f2d8 r CSWTCH.99
c004f2e8 r CSWTCH.101
c004f308 R __cvmx_qlm_jtag_field_cn68xx
c004f738 R __cvmx_qlm_jtag_field_cn66xx
c004fb80 R __cvmx_qlm_jtag_field_cn63xx
c004ffa0 R __cvmx_qlm_jtag_field_cn52xx
c00502f8 R __cvmx_qlm_jtag_field_cn56xx
c005c9d0 r __func__.132851
c005c9f0 r __func__.132963
c005ca00 r __func__.133009
c005ca18 r __func__.133027
c005ca38 r __func__.132769
c005ca58 r __func__.132836
c005ca70 r __func__.132543
c005ca80 r __func__.132095
c005ca90 r __func__.132345
c005caa0 r COP0_REGS
c005cc98 r timing_mult_table
c005cca0 r page_size_table
c005cca8 r sha1_padding
c005ce80 r def_ref_clk_cn78xx
c005ce90 r refclk_settings_cn78xx
c005d430 r __func__.132344
c005d450 r __func__.132213
c005d468 r refclk_settings_sata
c005d4e0 r sata_clkdiv_table
c005d4e8 r __func__.132416
c005db88 R version_string
c005dbc0 r image_size.134361
c005e4d0 r _en.131260
c0064590 r boot_os
c0064648 r op_table
c00646b0 r reg_0_5_desc_tbl
c00646e0 r desc_and_len_tbl
c0064710 r reg_0_desc_tbl
c0064788 r reg_1_desc_tbl
c0064848 r reg_2_desc_tbl
c0064858 r reg_3_desc_tbl
c0064880 r reg_4_desc_tbl
c0064910 r reg_5_desc_tbl
c00649a0 r __func__.4886
c00649b0 r __func__.4852
c00649c0 r CSWTCH.63
c00649d8 r delims.4443
c00649e0 R default_environment
c0064ad8 r __func__.4571
c0064ae8 r __func__.4582
c0064b10 r env_flags_vartype_rep
c0064b18 r env_flags_vartype_names
c0064b30 r env_flags_varaccess_rep
c0064b38 r env_flags_varaccess_names
c0064b48 r env_flags_varaccess_mask
c0064b58 r __FUNCTION__.4569
c0064b70 r uimage_os
c0064bd0 r uimage_arch
c0064cd8 r uimage_type
c0064da8 r uimage_comp
c0064e10 r erase_seq
c0064e18 r tab_seq
c0064e50 r CSWTCH.31
c0064fa0 r __func__.131446
c0064fb8 r __func__.131428
c0064fc8 r __func__.131408
c0064fe0 r __func__.131347
c0065050 r baudrate_table
c00651e8 r fdt_errtable
c0065ae0 r crc16_tab
c0065ce0 R _ctype
c0065de0 r names.131261
c0065e30 r hex_asc
c0065e48 r digits.4459
c0066148 r lbase.4732
c0066188 r dbase.4734
c00661c8 r lext.4733
c0066208 r dext.4735
c0066248 r lenfix
c0066a48 r distfix
c0066ac8 r order.4828
c00674b8 R NetCDPAddr
c00674c0 r CDP_SNAP_hdr
c0067600 d specs
c0067668 D cur_exception_base
c0067670 d le_elf_accessors
c0067680 d be_elf_accessors
c0067690 D base_address64
c0067698 d dp_last_length
c00676a0 d ref_clk_cn78xx
c0067820 D init_sequence
c0067880 d cmd_bootm_sub
c0067980 d bootm_help_text
c0067e18 d root.131328
c0067e20 d tabs.131411
c0067e48 d fdt_help_text
c0068440 d cmd_i2c_sub
c00685e0 d i2c_dp_last_length
c00685e8 d i2c_help_text
c0068920 d do_echo
c0068924 d dp_last_length
c0068928 d env_id
c0068940 d cmd_env_sub
c0068ac0 d env_help_text
c0068db0 d source_help_text
c0068e60 d imgextract_help_text
c0068f18 d av_
c0069320 d sbrk_base
c0069324 d trim_threshold
c0069328 D env_htab
c0069338 d hash_algo
c0069358 D load_addr
c006935c d hist_cur
c0069360 D stdio_names
c0069370 d month_days
c00693a0 D octeon_serial0_device
c00693d0 D BZ2_crc32Table
c00697d0 D BZ2_rNums
c0069fd0 D NetOurNativeVLAN
c0069fd2 D NetOurVLAN
c0069fd8 D NetBcastAddr
c0069fe0 d first_call.4658
c0069fe4 d nfs_offset
c0069fe8 D TftpRRQTimeoutCountMax
c0069fec d TftpBlkSizeOption
c0069ff0 d TftpTimeoutMSecs
c0069ff4 d TftpTimeoutCountMax
c0069ff8 d TftpBlkSize
c006a000 D _GLOBAL_OFFSET_TABLE_
c006a000 d __got_start
c006a000 d _gp
c006a014 d __got_end
c006a018 D _u_boot_list_2_cmd_2_askenv
c006a018 d start.4336
c006a018 d start.4340
c006a018 d start.4386
c006a018 d start.4390
c006a018 d start.4417
c006a018 d start.4421
c006a038 D _u_boot_list_2_cmd_2_base
c006a058 D _u_boot_list_2_cmd_2_base64
c006a078 D _u_boot_list_2_cmd_2_bdinfo
c006a098 D _u_boot_list_2_cmd_2_boot
c006a0b8 D _u_boot_list_2_cmd_2_bootd
c006a0d8 D _u_boot_list_2_cmd_2_bootelf
c006a0f8 D _u_boot_list_2_cmd_2_bootloaderupdate
c006a118 D _u_boot_list_2_cmd_2_bootloadervalidate
c006a138 D _u_boot_list_2_cmd_2_bootm
c006a158 D _u_boot_list_2_cmd_2_bootoct
c006a178 D _u_boot_list_2_cmd_2_bootoctelf
c006a198 D _u_boot_list_2_cmd_2_bootoctlinux
c006a1b8 D _u_boot_list_2_cmd_2_bootp
c006a1d8 D _u_boot_list_2_cmd_2_bootvx
c006a1f8 D _u_boot_list_2_cmd_2_bunzip
c006a218 D _u_boot_list_2_cmd_2_cdp
c006a238 D _u_boot_list_2_cmd_2_cmp
c006a258 D _u_boot_list_2_cmd_2_cmp64
c006a278 D _u_boot_list_2_cmd_2_coninfo
c006a298 D _u_boot_list_2_cmd_2_cp
c006a2b8 D _u_boot_list_2_cmd_2_cp64
c006a2d8 D _u_boot_list_2_cmd_2_crc32
c006a2f8 D _u_boot_list_2_cmd_2_dhcp
c006a318 D _u_boot_list_2_cmd_2_dns
c006a338 D _u_boot_list_2_cmd_2_echo
c006a358 D _u_boot_list_2_cmd_2_editenv
c006a378 D _u_boot_list_2_cmd_2_eeprom
c006a398 D _u_boot_list_2_cmd_2_env
c006a3b8 D _u_boot_list_2_cmd_2_fdt
c006a3d8 D _u_boot_list_2_cmd_2_flush_dcache
c006a3f8 D _u_boot_list_2_cmd_2_flush_l2c
c006a418 D _u_boot_list_2_cmd_2_freeprint
c006a438 D _u_boot_list_2_cmd_2_go
c006a458 D _u_boot_list_2_cmd_2_gpio
c006a478 D _u_boot_list_2_cmd_2_grepenv
c006a498 D _u_boot_list_2_cmd_2_help
c006a4b8 D _u_boot_list_2_cmd_2_i2c
c006a4d8 D _u_boot_list_2_cmd_2_iminfo
c006a4f8 D _u_boot_list_2_cmd_2_imxtract
c006a518 D _u_boot_list_2_cmd_2_inv_icache
c006a538 D _u_boot_list_2_cmd_2_itest
c006a558 D _u_boot_list_2_cmd_2_loadb
c006a578 D _u_boot_list_2_cmd_2_loads
c006a598 D _u_boot_list_2_cmd_2_loadx
c006a5b8 D _u_boot_list_2_cmd_2_loady
c006a5d8 D _u_boot_list_2_cmd_2_loop
c006a5f8 D _u_boot_list_2_cmd_2_loop64
c006a618 D _u_boot_list_2_cmd_2_md
c006a638 D _u_boot_list_2_cmd_2_md5sum
c006a658 D _u_boot_list_2_cmd_2_md64
c006a678 D _u_boot_list_2_cmd_2_meminfo
c006a698 D _u_boot_list_2_cmd_2_mii
c006a6b8 D _u_boot_list_2_cmd_2_mm
c006a6d8 D _u_boot_list_2_cmd_2_mm64
c006a6f8 D _u_boot_list_2_cmd_2_mw
c006a718 D _u_boot_list_2_cmd_2_mw64
c006a738 D _u_boot_list_2_cmd_2_namedalloc
c006a758 D _u_boot_list_2_cmd_2_namedfree
c006a778 D _u_boot_list_2_cmd_2_namedprint
c006a798 D _u_boot_list_2_cmd_2_nfs
c006a7b8 D _u_boot_list_2_cmd_2_nm
c006a7d8 D _u_boot_list_2_cmd_2_nm64
c006a7f8 D _u_boot_list_2_cmd_2_nmi
c006a818 D _u_boot_list_2_cmd_2_octbootbus
c006a838 D _u_boot_list_2_cmd_2_octreginfo
c006a858 D _u_boot_list_2_cmd_2_ping
c006a878 D _u_boot_list_2_cmd_2_printenv
c006a898 D _u_boot_list_2_cmd_2_question_mark
c006a8b8 D _u_boot_list_2_cmd_2_read64
c006a8d8 D _u_boot_list_2_cmd_2_read64b
c006a8f8 D _u_boot_list_2_cmd_2_read64l
c006a918 D _u_boot_list_2_cmd_2_read64s
c006a938 D _u_boot_list_2_cmd_2_reset
c006a958 D _u_boot_list_2_cmd_2_run
c006a978 D _u_boot_list_2_cmd_2_saves
c006a998 D _u_boot_list_2_cmd_2_setenv
c006a9b8 D _u_boot_list_2_cmd_2_setexpr
c006a9d8 D _u_boot_list_2_cmd_2_sha1sum
c006a9f8 D _u_boot_list_2_cmd_2_sleep
c006aa18 D _u_boot_list_2_cmd_2_source
c006aa38 D _u_boot_list_2_cmd_2_strings
c006aa58 D _u_boot_list_2_cmd_2_tftp
c006aa78 D _u_boot_list_2_cmd_2_tftpboot
c006aa98 D _u_boot_list_2_cmd_2_tftpput
c006aab8 D _u_boot_list_2_cmd_2_tftpsrv
c006aad8 D _u_boot_list_2_cmd_2_time
c006aaf8 D _u_boot_list_2_cmd_2_unlzma
c006ab18 D _u_boot_list_2_cmd_2_unzip
c006ab38 D _u_boot_list_2_cmd_2_version
c006ab58 D _u_boot_list_2_cmd_2_write64
c006ab78 D _u_boot_list_2_cmd_2_write64b
c006ab98 D _u_boot_list_2_cmd_2_write64l
c006abb8 D _u_boot_list_2_cmd_2_write64s
c006abd8 D _u_boot_list_2_env_clbk_2_baudrate
c006abd8 d end.4343
c006abd8 d end.4393
c006abd8 d end.4424
c006abd8 d start.4486
c006abd8 d start.4493
c006abd8 d start.4684
c006abd8 d start.4691
c006abd8 d start.4706
c006abd8 d start.4713
c006abe0 D _u_boot_list_2_env_clbk_2_bootfile
c006abe8 D _u_boot_list_2_env_clbk_2_callbacks
c006abf0 D _u_boot_list_2_env_clbk_2_console
c006abf8 D _u_boot_list_2_env_clbk_2_console_uart
c006ac00 D _u_boot_list_2_env_clbk_2_flags
c006ac08 D _u_boot_list_2_env_clbk_2_loadaddr
c006ac10 D _u_boot_list_2_env_clbk_2_pci_console_active
c006ac18 D _u_boot_list_2_env_clbk_2_silent
c006ac20 D _u_boot_list_2_i2c_2_octeon0
c006ac20 d end.4489
c006ac20 d end.4687
c006ac20 d end.4709
c006ac20 d start.4432
c006ac20 d start.4436
c006ac20 d start.4457
c006ac20 d start.4480
c006ac20 d start.4862
c006ac20 d start.4873
c006ac20 d start.4889
c006ac48 D _u_boot_list_2_i2c_2_octeon1
c006ac70 D _u_boot_list_2_i2c_2_octeon2
c006ac98 D _u_boot_list_2_i2c_2_octeon3
c006acc0 D _u_boot_list_2_i2c_2_octeon4
c006ace8 D _u_boot_list_2_i2c_2_octeon5
c006ad10 D _u_boot_list_2_i2c_2_octeon6
c006ad38 D _u_boot_list_2_i2c_2_octeon7
c006ad60 B uboot_end_data
c006ad60 b __image_copy_end
c006ad60 d end.4439
c006ad60 d end.4460
c006ad60 d end.4483
c006ad60 d end.4865
c006ad60 d end.4876
c006ad60 d end.4892
c006ad80 b calls_no
c006ad88 b calls_table
c006add8 b cvmx_bootmem_desc_addr
c006ade0 b desc.131282
c006ae70 b block_num.131444
c006ae78 b state
c006c320 b state
c006c438 b qlm_base.132265
c006c440 b timestamp
c006c444 B boot_flags
c006c448 B forceboot
c006c450 b lock.132410
c006c458 b dp_last_addr
c006c460 b dp_last_size
c006c468 b dp_last_swap
c006c470 b mm_last_addr
c006c478 b mm_last_size
c006c480 B start_core0
c006c488 b empty_cm.132266
c006c508 b saved_exception_base.132289
c006c50c B load_reserved_size
c006c510 B load_reserved_addr
c006c514 b linux_argc
c006c518 b linux_argv
c006c51c b linux_env
c006c520 b linux_env_p
c006c524 b linux_env_idx
c006c528 b data.131302
c006c928 b i2c_mm_last_chip
c006c92c b i2c_mm_last_addr
c006c930 b i2c_mm_last_alen
c006c934 b i2c_dp_last_chip
c006c938 b i2c_dp_last_addr
c006c93c b i2c_dp_last_alen
c006c940 b bin_start_address
c006c944 b os_data_init
c006c948 b os_data_char
c006c94c b os_data_state
c006c950 b os_data_addr
c006c954 b his_eol
c006c958 b his_pad_count
c006c95c b his_pad_char
c006c95d b his_quote
c006c960 b send_ptr
c006c968 b send_parms
c006c980 b k_data_escape
c006c984 b k_data_escape_saved
c006c988 b os_data_state_saved
c006c98c b os_data_addr_saved
c006c990 b a_b
c006c9a8 b dp_last_addr
c006c9ac b dp_last_size
c006c9b0 b base_address
c006c9b4 b mm_last_addr
c006c9b8 b mm_last_size
c006c9c0 b last_op
c006c9c8 b last_addr_lo
c006c9cc b last_addr_hi
c006c9d0 b last_reg_lo
c006c9d4 b last_reg_hi
c006c9d8 b last_data
c006c9dc b start_addr
c006c9e0 b last_addr
c006c9e8 b tmp_buf.4407
c006cbe8 b tmp_buf
c006cfe8 b tstcdev
c006cfec b ctrlc_disabled
c006cff0 b ctrlc_was_pressed
c006cff4 B mem_malloc_brk
c006cff8 B mem_malloc_end
c006cffc B mem_malloc_start
c006d000 b top_pad
c006d008 b current_mallinfo
c006d030 b max_sbrked_mem
c006d034 b max_total_mem
c006d038 b lastcommand.131582
c006d438 b initted.131718
c006d43c b hist_max
c006d440 b hist_add_idx
c006d444 b hist_num
c006d448 b hist_lines
c0072460 b hist_list
c00724b0 b mii_devs
c00724b8 b current_mii
c00724c0 B stdio_devices
c00724d0 b devs
c0072510 b xyz
c0072948 b twsi_stop_delay
c0072968 b serial_devices
c007296c b serial_current
c0072970 b address_map
c0072a30 B errno
c0072a38 b local.4639
c0072a50 b NetArpWaitReplyIP
c0072a54 b NetArpTxPacket
c0072a58 b NetArpPacketBuf
c00730d8 b dhcp_state
c00730dc b NetDHCPServerIP
c00730e0 b dhcp_leasetime
c00730e4 b CDPOK
c00730e8 b CDPSeq
c00730ec b DnsOurPort
c00730f0 b eth_devices
c00730f4 b eth_rcv_current
c00730f8 b eth_rcv_last
c0073100 b eth_rcv_bufs
c00748d0 b first_failed.4932
c00748d4 b act.4937
c00748d8 b env_changed_id.4938
c00748dc B push_packet
c00748e0 B NetOurRootPath
c0074920 B NetOurHostName
c0074940 B NetOurNISDomain
c0074960 b PktBuf
c00767e0 b udp_packet_handler
c00767e4 b arp_packet_handler
c00767e8 b timeHandler
c00767ec b timeStart
c00767f0 b timeDelta
c00767f4 b env_changed_id.4647
c00767f8 b NetRestarted
c00767fc b NetDevExists
c0076800 b NetTryCount
c0076804 b packet_icmp_handler
c0076808 b nfs_download_state
c007680c b NfsServerIP
c0076810 b nfs_path
c0076818 b nfs_path_buff
c0077018 b default_filename
c0077058 b default_filename
c0077068 b nfs_filename
c007706c b NfsTimeoutCount
c0077070 b NfsState
c0077074 b NfsOurPort
c0077078 b nfs_len
c007707c b rpc_id
c0077080 b filefh
c00770a0 b fs_mounted
c00770a8 b dirfh
c00770c8 b NfsSrvMountPort
c00770cc b NfsSrvNfsPort
c00770d0 b PingSeqNo
c00770d4 b TftpRemoteIP
c00770d8 b tftp_filename
c0077158 b TftpWriting
c007715c b TftpState
c0077160 b time_start
c0077164 b TftpRemotePort
c0077168 b TftpTimeoutCount
c007716c b TftpOurPort
c0077170 b TftpBlock
c0077174 b TftpTsize
c0077178 b TftpNumchars
c007717c b TftpFinalBlock
c0077180 b TftpLastBlock
c0077184 b TftpBlockWrapOffset
c0077188 b TftpBlockWrap
c0077200 B __cvmx_qlm_jtag_xor_ref
c0077208 B cvmx_l2c_vrt_spinlock
c0077210 B lock
c0077218 B cvmx_l2c_spinlock
c0077220 B iface_node_ops
c00772d0 B cvmx_app_id
c00772d8 B cvmx_export_app_config
c0077300 B octeon_feature_map
c0077380 B pcpu_cfg_blk
c0077384 B cvmx_enable_helper_flag
c0077388 B octeon_attr_map
c0077390 B cvmx_override_iface_phy_mode
c0077398 B __cvmx_pko_queue_static_config
c00773b8 B __cvmx_cmd_queue_state_ptrs
c00773c8 B cvmx_bootinfo_array
c00bf3c8 B boot_desc
c01233c8 B boot_cycle_adjustment
c01233d0 B boot_info_block_array
c01313d0 B coremask_to_run
c0131450 B regs
c0134450 B octeon_boot_descriptor_flag
c0134454 B monitor_flash_len
c0134458 B console_buffer
c013485c B save_addr
c0134860 B cd_count
c013486c B env_ptr
c0134870 B images
c0134a68 B uboot_prompt
c0134aa8 B working_fdt
c0134aac B save_size
c0134ab0 B console_devices
c0134ac0 B NetDNSenvvar
c0134ac4 B CDPApplianceVLAN
c0134ac8 B NetArpWaitTry
c0134acc B NetArpWaitPacketMAC
c0134ad0 B NetOurEther
c0134ad8 B NetOurIP
c0134adc B NetPingIP
c0134ae0 B NetServerIP
c0134ae4 B NetArpWaitTxPacketSize
c0134ae8 B NetRxPackets
c0134af8 B NetArpWaitPacketIP
c0134afc B BootpTry
c0134b00 B BootFile
c0134b80 B eth_current
c0134b84 B NetDNSResolve
c0134b88 B NetServerEther
c0134b90 B NetOurSubnetMask
c0134b94 B NetBootFileSize
c0134b98 B net_busy_flag
c0134b9c B NetIPID
c0134ba0 B NetRxPacket
c0134ba4 B net_state
c0134ba8 B BootpID
c0134bac B CDPNativeVLAN
c0134bb0 B NetOurGatewayIP
c0134bb8 B NetEtherNullAddr
c0134bc0 B NetRestartWrap
c0134bc4 B NetTxPacket
c0134bc8 B NetBootFileXferSize
c0134bcc B NetOurDNSIP
c0134bd0 B NetRxPacketLen
c0134bd4 B NetArpWaitTimerStart
c0134bd8 B uboot_end
