Archive member included because of file (symbol)

/home/rakeshgarg/cavium/tools/tools-141023/bin/../lib/gcc/mips64-octeon-linux-gnu/4.7.0/n32/libgcc.a(_sf_to_df.o)
                              arch/mips/cpu/octeon/cvmx/libcvmx.o (__extendsfdf2)
/home/rakeshgarg/cavium/tools/tools-141023/bin/../lib/gcc/mips64-octeon-linux-gnu/4.7.0/n32/libgcc.a(_make_df.o)
                              /home/rakeshgarg/cavium/tools/tools-141023/bin/../lib/gcc/mips64-octeon-linux-gnu/4.7.0/n32/libgcc.a(_sf_to_df.o) (__make_dp)
/home/rakeshgarg/cavium/tools/tools-141023/bin/../lib/gcc/mips64-octeon-linux-gnu/4.7.0/n32/libgcc.a(_unpack_sf.o)
                              /home/rakeshgarg/cavium/tools/tools-141023/bin/../lib/gcc/mips64-octeon-linux-gnu/4.7.0/n32/libgcc.a(_sf_to_df.o) (__unpack_f)
/home/rakeshgarg/cavium/tools/tools-141023/bin/../lib/gcc/mips64-octeon-linux-gnu/4.7.0/n32/libgcc.a(_pack_df.o)
                              /home/rakeshgarg/cavium/tools/tools-141023/bin/../lib/gcc/mips64-octeon-linux-gnu/4.7.0/n32/libgcc.a(_make_df.o) (__pack_d)

Allocating common symbols
Common symbol       size              file

console_buffer      0x401             common/libcommon.o
NetDNSenvvar        0x4               net/libnet.o
cvmx_bootinfo_array
                    0x48000           arch/mips/cpu/octeon/libocteon.o
CDPApplianceVLAN    0x2               net/libnet.o
NetArpWaitTry       0x4               net/libnet.o
NetArpWaitPacketMAC
                    0x4               net/libnet.o
NetOurEther         0x6               net/libnet.o
NetOurIP            0x4               net/libnet.o
__cvmx_qlm_jtag_xor_ref
                    0x4               arch/mips/cpu/octeon/cvmx/libcvmx.o
NetPingIP           0x4               net/libnet.o
cvmx_l2c_vrt_spinlock
                    0x4               arch/mips/cpu/octeon/cvmx/libcvmx.o
NetServerIP         0x4               net/libnet.o
lock                0x4               arch/mips/cpu/octeon/cvmx/libcvmx.o
monitor_flash_len   0x4               arch/mips/lib/libmips.o
save_addr           0x4               common/libcommon.o
cvmx_l2c_spinlock   0x4               arch/mips/cpu/octeon/cvmx/libcvmx.o
iface_node_ops      0xb0              arch/mips/cpu/octeon/cvmx/libcvmx.o
___strtok           0x4               lib/libgeneric.o
NetArpWaitTxPacketSize
                    0x4               net/libnet.o
NetRxPackets        0x10              net/libnet.o
boot_desc           0x64000           arch/mips/cpu/octeon/libocteon.o
NetArpWaitPacketIP  0x4               net/libnet.o
cd_count            0xc               common/libcommon.o
super               0x4c              fs/cramfs/libcramfs.o
cvmx_app_id         0x8               arch/mips/cpu/octeon/cvmx/libcvmx.o
boot_cycle_adjustment
                    0x8               arch/mips/cpu/octeon/libocteon.o
BootpTry            0x4               net/libnet.o
cvmx_export_app_config
                    0x4               arch/mips/cpu/octeon/cvmx/libcvmx.o
BootFile            0x80              net/libnet.o
eth_current         0x4               net/libnet.o
NetDNSResolve       0x4               net/libnet.o
env_ptr             0x4               common/libcommon.o
NetServerEther      0x6               net/libnet.o
NetOurSubnetMask    0x4               net/libnet.o
NetBootFileSize     0x2               net/libnet.o
octeon_feature_map  0x80              arch/mips/cpu/octeon/cvmx/libcvmx.o
net_busy_flag       0x4               net/libnet.o
NetIPID             0x4               net/libnet.o
NetRxPacket         0x4               net/libnet.o
net_state           0x4               net/libnet.o
boot_info_block_array
                    0xe000            arch/mips/cpu/octeon/libocteon.o
images              0x1f8             common/libcommon.o
pcpu_cfg_blk        0x4               arch/mips/cpu/octeon/cvmx/libcvmx.o
uboot_prompt        0x40              common/libcommon.o
BootpID             0x4               net/libnet.o
CDPNativeVLAN       0x2               net/libnet.o
NetOurGatewayIP     0x4               net/libnet.o
NetEtherNullAddr    0x6               net/libnet.o
working_fdt         0x4               common/libcommon.o
cvmx_enable_helper_flag
                    0x4               arch/mips/cpu/octeon/cvmx/libcvmx.o
NetRestartWrap      0x4               net/libnet.o
octeon_attr_map     0x8               arch/mips/cpu/octeon/cvmx/libcvmx.o
save_size           0x4               common/libcommon.o
cvmx_override_iface_phy_mode
                    0x4               arch/mips/cpu/octeon/cvmx/libcvmx.o
__cvmx_pko_queue_static_config
                    0x20              arch/mips/cpu/octeon/cvmx/libcvmx.o
NetTxPacket         0x4               net/libnet.o
__cvmx_cmd_queue_state_ptrs
                    0x10              arch/mips/cpu/octeon/cvmx/libcvmx.o
NetBootFileXferSize
                    0x4               net/libnet.o
NetOurDNSIP         0x4               net/libnet.o
NetRxPacketLen      0x4               net/libnet.o
[...]
Memory Configuration

Name             Origin             Length             Attributes
*default*        0x0000000000000000 0xffffffffffffffff

Linker script and memory map

                0x0000000000000000                . = 0x0
                0x0000000000000000                . = ALIGN (0x4)

.text           0x00000000c0000000    0x46708
                0x00000000c0000000                _start = .
 arch/mips/cpu/octeon/start.o(.text*)
 .text          0x00000000c0000000     0x1a50 arch/mips/cpu/octeon/start.o
                0x00000000c0000500                asm_reset
                0x00000000c00006bc                InitTLBStart
                0x00000000c0000bc8                relocate_code
                0x00000000c0000bd8                relocate_code_octeon
                0x00000000c0000d58                romExcHandle
                0x00000000c0000e58                debugHandler_entrypoint
                0x00000000c0000eb0                OcteonBreak
                0x00000000c0000eb8                SecondaryCoreInit
                0x00000000c0000f38                simple_tlb_setup
                0x00000000c0000fa0                single_tlb_setup
                0x00000000c000103c                tlbwi_and_eret
                0x00000000c0001050                asm_launch_linux_entry_point
                0x00000000c0001090                octeon_uart_write_char
                0x00000000c00010b4                octeon_uart_write_lf
                0x00000000c00011c4                exception_handler_stage2
                0x00000000c0001250                exception_handler_stage3
                0x00000000c00019d0                nmi_exception_handler
                0x00000000c0001a40                exception_handler_stage1
 *(.text)
 *(.text.*)
 .text.API_udelay
                0x00000000c0001a50        0xc api/libapi.o
 .text.API_display_clear
                0x00000000c0001a5c       0x20 api/libapi.o
 .text.API_display_draw_bitmap
                0x00000000c0001a7c       0x14 api/libapi.o
 .text.API_display_get_info
                0x00000000c0001a90       0x10 api/libapi.o
 .text.API_env_enum
                0x00000000c0001aa0       0xcc api/libapi.o
 .text.API_env_set
                0x00000000c0001b6c       0x44 api/libapi.o
 .text.API_env_get
                0x00000000c0001bb0       0x50 api/libapi.o
 .text.API_dev_write
                0x00000000c0001c00       0x6c api/libapi.o
 .text.API_dev_read
                0x00000000c0001c6c       0xc4 api/libapi.o
 .text.API_dev_close
                0x00000000c0001d30       0x7c api/libapi.o
 .text.API_dev_open
                0x00000000c0001dac       0x80 api/libapi.o
 .text.API_dev_enum
                0x00000000c0001e2c       0x68 api/libapi.o
 .text.API_get_timer
                0x00000000c0001e94       0x48 api/libapi.o
 .text.API_get_sys_info
                0x00000000c0001edc       0x38 api/libapi.o
 .text.API_reset
                0x00000000c0001f14       0x2c api/libapi.o
 .text.API_puts
                0x00000000c0001f40       0x38 api/libapi.o
 .text.API_tstc
                0x00000000c0001f78       0x3c api/libapi.o
 .text.API_putc
                0x00000000c0001fb4       0x38 api/libapi.o
 .text.API_getc
                0x00000000c0001fec       0x3c api/libapi.o
 .text.syscall  0x00000000c0002028       0x90 api/libapi.o
                0x00000000c0002028                syscall
 .text.api_init
                0x00000000c00020b8      0x188 api/libapi.o
                0x00000000c00020b8                api_init
 .text.platform_set_mr
                0x00000000c0002240       0x60 api/libapi.o
                0x00000000c0002240                platform_set_mr
 .text.display_get_info
                0x00000000c00022a0       0x10 api/libapi.o
                0x00000000c00022a0                display_get_info
 .text.display_draw_bitmap
                0x00000000c00022b0       0x10 api/libapi.o
                0x00000000c00022b0                display_draw_bitmap
 .text.display_clear
                0x00000000c00022c0        0x8 api/libapi.o
                0x00000000c00022c0                display_clear
 .text.dev_open_net
                0x00000000c00022c8       0x3c api/libapi.o
                0x00000000c00022c8                dev_open_net
 .text.dev_close_net
                0x00000000c0002304       0x34 api/libapi.o
                0x00000000c0002304                dev_close_net
 .text.dev_enum_net
                0x00000000c0002338       0x4c api/libapi.o
                0x00000000c0002338                dev_enum_net
 .text.dev_write_net
                0x00000000c0002384        0xc api/libapi.o
                0x00000000c0002384                dev_write_net
 .text.dev_read_net
                0x00000000c0002390        0xc api/libapi.o
                0x00000000c0002390                dev_read_net
 .text.dev_stor_type
                0x00000000c000239c       0x8c api/libapi.o
 .text.dev_stor_is_valid
                0x00000000c0002428       0x8c api/libapi.o
 .text.dev_stor_get
                0x00000000c00024b4      0x168 api/libapi.o
 .text.dev_stor_init
                0x00000000c000261c        0x8 api/libapi.o
                0x00000000c000261c                dev_stor_init
 .text.dev_enum_reset
                0x00000000c0002624       0x2c api/libapi.o
                0x00000000c0002624                dev_enum_reset
 .text.dev_enum_storage
                0x00000000c0002650      0x138 api/libapi.o
                0x00000000c0002650                dev_enum_storage
 .text.dev_open_stor
                0x00000000c0002788       0x48 api/libapi.o
                0x00000000c0002788                dev_open_stor
 .text.dev_close_stor
                0x00000000c00027d0        0x8 api/libapi.o
                0x00000000c00027d0                dev_close_stor
 .text.dev_read_stor
                0x00000000c00027d8      0x110 api/libapi.o
                0x00000000c00027d8                dev_read_stor
 .text.platform_sys_info
                0x00000000c00028e8       0x6c api/libapi.o
                0x00000000c00028e8                platform_sys_info
 .text.CVMX_BOOTMEM_NAMED_GET_NAME
                0x00000000c0002954       0x5c arch/mips/cpu/octeon/cvmx/libcvmx.o
 .text.__cvmx_bootmem_check_version
                0x00000000c00029b0       0x50 arch/mips/cpu/octeon/cvmx/libcvmx.o
 .text.__cvmx_validate_mem_range
                0x00000000c0002a00       0x40 arch/mips/cpu/octeon/cvmx/libcvmx.o
 .text.CVMX_BOOTMEM_NAMED_SET_NAME
                0x00000000c0002a40       0x58 arch/mips/cpu/octeon/cvmx/libcvmx.o
                0x00000000c0002a40                CVMX_BOOTMEM_NAMED_SET_NAME
 .text.cvmx_bootmem_init
                0x00000000c0002a98       0x18 arch/mips/cpu/octeon/cvmx/libcvmx.o
                0x00000000c0002a98                cvmx_bootmem_init
 .text.cvmx_bootmem_phy_alloc
                0x00000000c0002ab0      0x2fc arch/mips/cpu/octeon/cvmx/libcvmx.o
                0x00000000c0002ab0                cvmx_bootmem_phy_alloc
 .text.__cvmx_bootmem_phy_free
                0x00000000c0002dac      0x2bc arch/mips/cpu/octeon/cvmx/libcvmx.o
                0x00000000c0002dac                __cvmx_bootmem_phy_free
 .text.cvmx_bootmem_phy_list_print
                0x00000000c0003068       0xe4 arch/mips/cpu/octeon/cvmx/libcvmx.o
                0x00000000c0003068                cvmx_bootmem_phy_list_print
 .text.cvmx_bootmem_phy_named_block_find
                0x00000000c000314c      0x19c arch/mips/cpu/octeon/cvmx/libcvmx.o
                0x00000000c000314c                cvmx_bootmem_phy_named_block_find
 .text.__cvmx_bootmem_find_named_block_flags
                0x00000000c00032e8       0x80 arch/mips/cpu/octeon/cvmx/libcvmx.o
                0x00000000c00032e8                __cvmx_bootmem_find_named_block_flags
 .text.cvmx_bootmem_find_named_block
                0x00000000c0003368        0x8 arch/mips/cpu/octeon/cvmx/libcvmx.o
                0x00000000c0003368                cvmx_bootmem_find_named_block
 .text.cvmx_bootmem_phy_named_block_free
                0x00000000c0003370       0xec arch/mips/cpu/octeon/cvmx/libcvmx.o
                0x00000000c0003370                cvmx_bootmem_phy_named_block_free
 .text.cvmx_bootmem_free_named
                0x00000000c000345c        0x8 arch/mips/cpu/octeon/cvmx/libcvmx.o
                0x00000000c000345c                cvmx_bootmem_free_named
 .text.cvmx_bootmem_phy_named_block_alloc
                0x00000000c0003464      0x19c arch/mips/cpu/octeon/cvmx/libcvmx.o
                0x00000000c0003464                cvmx_bootmem_phy_named_block_alloc
 .text.cvmx_bootmem_alloc_named_range_once
                0x00000000c0003600      0x170 arch/mips/cpu/octeon/cvmx/libcvmx.o
                0x00000000c0003600                cvmx_bootmem_alloc_named_range_once
 .text.cvmx_bootmem_phy_named_block_print
                0x00000000c0003770      0x184 arch/mips/cpu/octeon/cvmx/libcvmx.o
                0x00000000c0003770                cvmx_bootmem_phy_named_block_print
 .text.cvmx_bootmem_phy_mem_list_init
                0x00000000c00038f4      0x39c arch/mips/cpu/octeon/cvmx/libcvmx.o
                0x00000000c00038f4                cvmx_bootmem_phy_mem_list_init
 .text.cvmx_bootmem_phy_mem_list_init_multi
                0x00000000c0003c90      0x3d8 arch/mips/cpu/octeon/cvmx/libcvmx.o
                0x00000000c0003c90                cvmx_bootmem_phy_mem_list_init_multi
 .text.cvmx_bootmem_reserve_memory
                0x00000000c0004068      0x16c arch/mips/cpu/octeon/cvmx/libcvmx.o
                0x00000000c0004068                cvmx_bootmem_reserve_memory
 .text.__cvmx_bootmem_internal_get_desc_ptr
                0x00000000c00041d4        0xc arch/mips/cpu/octeon/cvmx/libcvmx.o
                0x00000000c00041d4                __cvmx_bootmem_internal_get_desc_ptr
 .text.cvmx_boot_vector_init
                0x00000000c00041e0      0x164 arch/mips/cpu/octeon/cvmx/libcvmx.o
 .text.cvmx_boot_vector_get
                0x00000000c0004344       0x2c arch/mips/cpu/octeon/cvmx/libcvmx.o
                0x00000000c0004344                cvmx_boot_vector_get
 .text.cvmx_clock_get_rate_node
                0x00000000c0004370       0x70 arch/mips/cpu/octeon/cvmx/libcvmx.o
                0x00000000c0004370                cvmx_clock_get_rate_node
 .text.cvmx_clock_get_rate
                0x00000000c00043e0       0x10 arch/mips/cpu/octeon/cvmx/libcvmx.o
                0x00000000c00043e0                cvmx_clock_get_rate
 .text.cvmx_coremask_barrier_sync
                0x00000000c00043f0      0x20c arch/mips/cpu/octeon/cvmx/libcvmx.o
                0x00000000c00043f0                cvmx_coremask_barrier_sync
 .text.cvmx_coremask_str2bmp
                0x00000000c00045fc      0x1d4 arch/mips/cpu/octeon/cvmx/libcvmx.o
                0x00000000c00045fc                cvmx_coremask_str2bmp
 .text.cvmx_coremask_print
                0x00000000c00047d0      0x1f8 arch/mips/cpu/octeon/cvmx/libcvmx.o
                0x00000000c00047d0                cvmx_coremask_print
 .text.cvmx_fdt_get_fdt_size
                0x00000000c00049c8       0x2c arch/mips/cpu/octeon/cvmx/libcvmx.o
                0x00000000c00049c8                cvmx_fdt_get_fdt_size
 .text.cvmx_helper_qlm_jtag_init
                0x00000000c00049f4      0x100 arch/mips/cpu/octeon/cvmx/libcvmx.o
                0x00000000c00049f4                cvmx_helper_qlm_jtag_init
 .text.cvmx_helper_qlm_jtag_shift
                0x00000000c0004af4      0x110 arch/mips/cpu/octeon/cvmx/libcvmx.o
                0x00000000c0004af4                cvmx_helper_qlm_jtag_shift
 .text.cvmx_helper_qlm_jtag_shift_zeros
                0x00000000c0004c04       0x6c arch/mips/cpu/octeon/cvmx/libcvmx.o
                0x00000000c0004c04                cvmx_helper_qlm_jtag_shift_zeros
 .text.cvmx_helper_qlm_jtag_update
                0x00000000c0004c70       0xe4 arch/mips/cpu/octeon/cvmx/libcvmx.o
                0x00000000c0004c70                cvmx_helper_qlm_jtag_update
 .text.cvmx_helper_qlm_jtag_capture
                0x00000000c0004d54       0xe4 arch/mips/cpu/octeon/cvmx/libcvmx.o
                0x00000000c0004d54                cvmx_helper_qlm_jtag_capture
 .text.cvmx_l2c_address_to_tad
                0x00000000c0004e38       0xd0 arch/mips/cpu/octeon/cvmx/libcvmx.o
                0x00000000c0004e38                cvmx_l2c_address_to_tad
 .text.cvmx_l2c_get_set_bits
                0x00000000c0004f08      0x164 arch/mips/cpu/octeon/cvmx/libcvmx.o
                0x00000000c0004f08                cvmx_l2c_get_set_bits
 .text.cvmx_l2c_v2_address_to_tag
                0x00000000c000506c      0x12c arch/mips/cpu/octeon/cvmx/libcvmx.o
                0x00000000c000506c                cvmx_l2c_v2_address_to_tag
 .text.cvmx_l2c_get_num_sets
                0x00000000c0005198       0x24 arch/mips/cpu/octeon/cvmx/libcvmx.o
                0x00000000c0005198                cvmx_l2c_get_num_sets
 .text.cvmx_l2c_address_to_index
                0x00000000c00051bc      0x1d8 arch/mips/cpu/octeon/cvmx/libcvmx.o
                0x00000000c00051bc                cvmx_l2c_address_to_index
 .text.cvmx_l2c_get_num_assoc
                0x00000000c0005394      0x210 arch/mips/cpu/octeon/cvmx/libcvmx.o
                0x00000000c0005394                cvmx_l2c_get_num_assoc
 .text.cvmx_l2c_lock_line
                0x00000000c00055a4      0x418 arch/mips/cpu/octeon/cvmx/libcvmx.o
                0x00000000c00055a4                cvmx_l2c_lock_line
 .text.cvmx_l2c_lock_mem_region
                0x00000000c00059bc       0x6c arch/mips/cpu/octeon/cvmx/libcvmx.o
                0x00000000c00059bc                cvmx_l2c_lock_mem_region
 .text.cvmx_l2c_flush_line
                0x00000000c0005a28      0x1c0 arch/mips/cpu/octeon/cvmx/libcvmx.o
                0x00000000c0005a28                cvmx_l2c_flush_line
 .text.cvmx_l2c_flush
                0x00000000c0005be8      0x104 arch/mips/cpu/octeon/cvmx/libcvmx.o
                0x00000000c0005be8                cvmx_l2c_flush
 .text.cvmx_pcie_cfgx_read_node
                0x00000000c0005cec       0xd8 arch/mips/cpu/octeon/cvmx/libcvmx.o
                0x00000000c0005cec                cvmx_pcie_cfgx_read_node
 .text.cvmx_pcie_cfgx_write_node
                0x00000000c0005dc4       0xdc arch/mips/cpu/octeon/cvmx/libcvmx.o
                0x00000000c0005dc4                cvmx_pcie_cfgx_write_node
 .text.cvmx_sysinfo_get
                0x00000000c0005ea0        0xc arch/mips/cpu/octeon/cvmx/libcvmx.o
                0x00000000c0005ea0                cvmx_sysinfo_get
 .text.cvmx_sysinfo_minimal_initialize
                0x00000000c0005eac       0x88 arch/mips/cpu/octeon/cvmx/libcvmx.o
                0x00000000c0005eac                cvmx_sysinfo_minimal_initialize
 .text.cvmx_warn
                0x00000000c0005f34       0x74 arch/mips/cpu/octeon/cvmx/libcvmx.o
                0x00000000c0005f34                cvmx_warn
 .text.__octeon_is_model_runtime__
                0x00000000c0005fa8      0x238 arch/mips/cpu/octeon/cvmx/libcvmx.o
                0x00000000c0005fa8                __octeon_is_model_runtime__
 .text.cvmx_wait_usec
                0x00000000c00061e0       0x5c arch/mips/cpu/octeon/cvmx/libcvmx.o
                0x00000000c00061e0                cvmx_wait_usec
 .text.cvmx_phys_to_ptr
                0x00000000c000623c       0x9c arch/mips/cpu/octeon/cvmx/libcvmx.o
                0x00000000c000623c                cvmx_phys_to_ptr
 .text.cvmx_ptr_to_phys
                0x00000000c00062d8       0x58 arch/mips/cpu/octeon/cvmx/libcvmx.o
                0x00000000c00062d8                cvmx_ptr_to_phys
 .text.octeon_model_get_string_buffer
                0x00000000c0006330      0xc24 arch/mips/cpu/octeon/cvmx/libcvmx.o
                0x00000000c0006330                octeon_model_get_string_buffer
 .text.cvmx_qlm_get_num
                0x00000000c0006f54       0xec arch/mips/cpu/octeon/cvmx/libcvmx.o
                0x00000000c0006f54                cvmx_qlm_get_num
 .text.cvmx_qlm_get_lanes
                0x00000000c0007040       0x58 arch/mips/cpu/octeon/cvmx/libcvmx.o
                0x00000000c0007040                cvmx_qlm_get_lanes
 .text.cvmx_qlm_jtag_get_field
                0x00000000c0007098       0xc8 arch/mips/cpu/octeon/cvmx/libcvmx.o
                0x00000000c0007098                cvmx_qlm_jtag_get_field
 .text.__cvmx_qlm_lookup_field
                0x00000000c0007160       0x70 arch/mips/cpu/octeon/cvmx/libcvmx.o
 .text.cvmx_qlm_jtag_get_length
                0x00000000c00071d0       0x4c arch/mips/cpu/octeon/cvmx/libcvmx.o
                0x00000000c00071d0                cvmx_qlm_jtag_get_length
 .text.cvmx_qlm_jtag_get
                0x00000000c000721c       0xd8 arch/mips/cpu/octeon/cvmx/libcvmx.o
                0x00000000c000721c                cvmx_qlm_jtag_get
 .text.cvmx_qlm_jtag_set
                0x00000000c00072f4      0x254 arch/mips/cpu/octeon/cvmx/libcvmx.o
                0x00000000c00072f4                cvmx_qlm_jtag_set
 .text.__cvmx_qlm_pcie_idle_dac_tweak
                0x00000000c0007548       0x9c arch/mips/cpu/octeon/cvmx/libcvmx.o
                0x00000000c0007548                __cvmx_qlm_pcie_idle_dac_tweak
 .text.cvmx_qlm_get_gbaud_mhz_node
                0x00000000c00075e4      0x23c arch/mips/cpu/octeon/cvmx/libcvmx.o
                0x00000000c00075e4                cvmx_qlm_get_gbaud_mhz_node
 .text.cvmx_qlm_measure_clock_cn78xx
                0x00000000c0007820       0xd4 arch/mips/cpu/octeon/cvmx/libcvmx.o
                0x00000000c0007820                cvmx_qlm_measure_clock_cn78xx
 .text.cvmx_qlm_measure_clock
                0x00000000c00078f4      0x1f4 arch/mips/cpu/octeon/cvmx/libcvmx.o
                0x00000000c00078f4                cvmx_qlm_measure_clock
 .text.__cvmx_qlm_set_mult
                0x00000000c0007ae8      0x168 arch/mips/cpu/octeon/cvmx/libcvmx.o
                0x00000000c0007ae8                __cvmx_qlm_set_mult
 .text.cvmx_qlm_get_gbaud_mhz
                0x00000000c0007c50      0x310 arch/mips/cpu/octeon/cvmx/libcvmx.o
                0x00000000c0007c50                cvmx_qlm_get_gbaud_mhz
 .text.__cvmx_qlm_speed_tweak
                0x00000000c0007f60      0x550 arch/mips/cpu/octeon/cvmx/libcvmx.o
                0x00000000c0007f60                __cvmx_qlm_speed_tweak
 .text.cvmx_qlm_init
                0x00000000c00084b0      0x1ec arch/mips/cpu/octeon/cvmx/libcvmx.o
                0x00000000c00084b0                cvmx_qlm_init
 .text.do_reset
                0x00000000c000869c      0x170 arch/mips/cpu/octeon/libocteon.o
                0x00000000c000869c                do_reset
 .text.flush_cache
                0x00000000c000880c       0x18 arch/mips/cpu/octeon/libocteon.o
                0x00000000c000880c                flush_cache
 .text.write_one_tlb64
                0x00000000c0008824       0x28 arch/mips/cpu/octeon/libocteon.o
                0x00000000c0008824                write_one_tlb64
 .text.get_num_tlb_entries
                0x00000000c000884c       0x28 arch/mips/cpu/octeon/libocteon.o
                0x00000000c000884c                get_num_tlb_entries
 .text.enable_interrupts
                0x00000000c0008874        0x8 arch/mips/cpu/octeon/libocteon.o
                0x00000000c0008874                enable_interrupts
 .text.disable_interrupts
                0x00000000c000887c        0x8 arch/mips/cpu/octeon/libocteon.o
                0x00000000c000887c                disable_interrupts
 .text.octeon_get_cpu_multiplier
                0x00000000c0008884       0xd4 arch/mips/cpu/octeon/libocteon.o
                0x00000000c0008884                octeon_get_cpu_multiplier
 .text.octeon_get_ioclk_hz
                0x00000000c0008958       0xb8 arch/mips/cpu/octeon/libocteon.o
                0x00000000c0008958                octeon_get_ioclk_hz
 .text.calculate_header_crc
                0x00000000c0008a10       0x48 arch/mips/cpu/octeon/libocteon.o
                0x00000000c0008a10                calculate_header_crc
 .text.calculate_image_crc
                0x00000000c0008a58       0x24 arch/mips/cpu/octeon/libocteon.o
                0x00000000c0008a58                calculate_image_crc
 .text.lowcase  0x00000000c0008a7c       0x44 arch/mips/cpu/octeon/libocteon.o
                0x00000000c0008a7c                lowcase
 .text.octeon_init_cvmcount
                0x00000000c0008ac0      0x16c arch/mips/cpu/octeon/libocteon.o
                0x00000000c0008ac0                octeon_init_cvmcount
 .text.memset   0x00000000c0008c2c       0xc4 arch/mips/cpu/octeon/libocteon.o
                0x00000000c0008c2c                memset
 .text.memcmp   0x00000000c0008cf0       0xf8 arch/mips/cpu/octeon/libocteon.o
                0x00000000c0008cf0                memcmp
 .text.memcpy   0x00000000c0008de8      0x15c arch/mips/cpu/octeon/libocteon.o
                0x00000000c0008de8                memcpy
 .text.octeon_bist_start
                0x00000000c0008f44       0x54 arch/mips/cpu/octeon/libocteon.o
                0x00000000c0008f44                octeon_bist_start
 .text.get_except_base_reg
                0x00000000c0008f98        0xc arch/mips/cpu/octeon/libocteon.o
                0x00000000c0008f98                get_except_base_reg
 .text.set_except_base_addr
                0x00000000c0008fa4        0x8 arch/mips/cpu/octeon/libocteon.o
                0x00000000c0008fa4                set_except_base_addr
 .text.get_cop0_cvmctl_reg
                0x00000000c0008fac        0xc arch/mips/cpu/octeon/libocteon.o
                0x00000000c0008fac                get_cop0_cvmctl_reg
 .text.set_cop0_cvmctl_reg
                0x00000000c0008fb8        0x8 arch/mips/cpu/octeon/libocteon.o
                0x00000000c0008fb8                set_cop0_cvmctl_reg
 .text.get_cop0_cvmmemctl_reg
                0x00000000c0008fc0        0xc arch/mips/cpu/octeon/libocteon.o
                0x00000000c0008fc0                get_cop0_cvmmemctl_reg
 .text.set_cop0_cvmmemctl_reg
                0x00000000c0008fcc        0x8 arch/mips/cpu/octeon/libocteon.o
                0x00000000c0008fcc                set_cop0_cvmmemctl_reg
 .text.get_core_num
                0x00000000c0008fd4       0x20 arch/mips/cpu/octeon/libocteon.o
                0x00000000c0008fd4                get_core_num
 .text.get_except_base_addr
                0x00000000c0008ff4       0x20 arch/mips/cpu/octeon/libocteon.o
                0x00000000c0008ff4                get_except_base_addr
 .text.octeon_build_exception_table
                0x00000000c0009014       0xb4 arch/mips/cpu/octeon/libocteon.o
                0x00000000c0009014                octeon_build_exception_table
 .text.copy_default_except_handlers
                0x00000000c00090c8      0x128 arch/mips/cpu/octeon/libocteon.o
                0x00000000c00090c8                copy_default_except_handlers
 .text.octeon_translate_gd_to_linux_app_global_data
                0x00000000c00091f0      0x274 arch/mips/cpu/octeon/libocteon.o
                0x00000000c00091f0                octeon_translate_gd_to_linux_app_global_data
 .text.octeon_setup_boot_desc_block_board
                0x00000000c0009464        0x8 arch/mips/cpu/octeon/libocteon.o
                0x00000000c0009464                octeon_setup_boot_desc_block_board
 .text.octeon_write64_byte
                0x00000000c000946c       0x54 arch/mips/cpu/octeon/libocteon.o
                0x00000000c000946c                octeon_write64_byte
 .text.octeon_read64_byte
                0x00000000c00094c0       0x38 arch/mips/cpu/octeon/libocteon.o
                0x00000000c00094c0                octeon_read64_byte
 .text.memcpy64
                0x00000000c00094f8      0x158 arch/mips/cpu/octeon/libocteon.o
                0x00000000c00094f8                memcpy64
 .text.memset64
                0x00000000c0009650      0x108 arch/mips/cpu/octeon/libocteon.o
                0x00000000c0009650                memset64
 .text.mem_copy_tlb
                0x00000000c0009758      0x1d0 arch/mips/cpu/octeon/libocteon.o
                0x00000000c0009758                mem_copy_tlb
 .text.octeon_setup_boot_desc_block
                0x00000000c0009928      0xc80 arch/mips/cpu/octeon/libocteon.o
                0x00000000c0009928                octeon_setup_boot_desc_block
 .text.uboot_tlb_ptr_to_phys
                0x00000000c000a5a8       0x80 arch/mips/cpu/octeon/libocteon.o
                0x00000000c000a5a8                uboot_tlb_ptr_to_phys
 .text.octeon_get_boot_vector
                0x00000000c000a628       0x44 arch/mips/cpu/octeon/libocteon.o
                0x00000000c000a628                octeon_get_boot_vector
 .text.octeon_boot_bus_moveable_init
                0x00000000c000a66c       0xa8 arch/mips/cpu/octeon/libocteon.o
                0x00000000c000a66c                octeon_boot_bus_moveable_init
 .text.octeon_setup_boot_vector
                0x00000000c000a714      0x1b0 arch/mips/cpu/octeon/libocteon.o
                0x00000000c000a714                octeon_setup_boot_vector
 .text.get_coremask_override
                0x00000000c000a8c4       0xc0 arch/mips/cpu/octeon/libocteon.o
                0x00000000c000a8c4                get_coremask_override
 .text.octeon_get_available_coremask
                0x00000000c000a984      0x320 arch/mips/cpu/octeon/libocteon.o
                0x00000000c000a984                octeon_get_available_coremask
 .text.validate_coremask
                0x00000000c000aca4      0x134 arch/mips/cpu/octeon/libocteon.o
                0x00000000c000aca4                validate_coremask
 .text.octeon_get_available_core_count
                0x00000000c000add8       0x3c arch/mips/cpu/octeon/libocteon.o
                0x00000000c000add8                octeon_get_available_core_count
 .text.start_cores
                0x00000000c000ae14      0x35c arch/mips/cpu/octeon/libocteon.o
                0x00000000c000ae14                start_cores
 .text.octeon_sync_cores
                0x00000000c000b170       0x20 arch/mips/cpu/octeon/libocteon.o
                0x00000000c000b170                octeon_sync_cores
 .text.octeon_setup_ram_env
                0x00000000c000b190       0x64 arch/mips/cpu/octeon/libocteon.o
                0x00000000c000b190                octeon_setup_ram_env
 .text.octeon_restore_std_mips_config
                0x00000000c000b1f4       0x3c arch/mips/cpu/octeon/libocteon.o
                0x00000000c000b1f4                octeon_restore_std_mips_config
 .text.octeon_free_tmp_named_blocks
                0x00000000c000b230       0xcc arch/mips/cpu/octeon/libocteon.o
                0x00000000c000b230                octeon_free_tmp_named_blocks
 .text.octeon_bootloader_shutdown
                0x00000000c000b2fc       0x74 arch/mips/cpu/octeon/libocteon.o
                0x00000000c000b2fc                octeon_bootloader_shutdown
 .text.arch_preboot_os
                0x00000000c000b370        0x8 arch/mips/cpu/octeon/libocteon.o
                0x00000000c000b370                arch_preboot_os
 .text.octeon_setup_cvmx_sysinfo
                0x00000000c000b378       0x54 arch/mips/cpu/octeon/libocteon.o
                0x00000000c000b378                octeon_setup_cvmx_sysinfo
 .text.overwrite_console
                0x00000000c000b3cc        0x8 arch/mips/cpu/octeon/libocteon.o
                0x00000000c000b3cc                overwrite_console
 .text.crc32_no_comp
                0x00000000c000b3d4       0x8c arch/mips/cpu/octeon/libocteon.o
                0x00000000c000b3d4                crc32_no_comp
 .text.crc32    0x00000000c000b460       0x20 arch/mips/cpu/octeon/libocteon.o
                0x00000000c000b460                crc32
 .text.crc32_wd
                0x00000000c000b480        0x8 arch/mips/cpu/octeon/libocteon.o
                0x00000000c000b480                crc32_wd
 .text.crc32_wd_buf
                0x00000000c000b488       0x4c arch/mips/cpu/octeon/libocteon.o
                0x00000000c000b488                crc32_wd_buf
 .text.octeon_init_dram
                0x00000000c000b4d4      0x128 arch/mips/cpu/octeon/libocteon.o
                0x00000000c000b4d4                octeon_init_dram
 .text.octeon_import_ram_env
                0x00000000c000b5fc      0x164 arch/mips/cpu/octeon/libocteon.o
                0x00000000c000b5fc                octeon_import_ram_env
 .text.octeon_dram_clear_access_errors
                0x00000000c000b760      0x67c arch/mips/cpu/octeon/libocteon.o
                0x00000000c000b760                octeon_dram_clear_access_errors
 .text.on_pci_console_active
                0x00000000c000bddc      0x314 arch/mips/cpu/octeon/libocteon.o
 .text.on_console_uart
                0x00000000c000c0f0       0x58 arch/mips/cpu/octeon/libocteon.o
 .text.octeon_env_init
                0x00000000c000c148        0x8 arch/mips/cpu/octeon/libocteon.o
                0x00000000c000c148                octeon_env_init
 .text.__octeon_early_errata_workaround_f
                0x00000000c000c150       0x54 arch/mips/cpu/octeon/libocteon.o
                0x00000000c000c150                octeon_early_errata_workaround_f
                0x00000000c000c150                __octeon_early_errata_workaround_f
 .text.__octeon_late_errata_workaround_f
                0x00000000c000c1a4      0x13c arch/mips/cpu/octeon/libocteon.o
                0x00000000c000c1a4                octeon_late_errata_workaround_f
                0x00000000c000c1a4                __octeon_late_errata_workaround_f
 .text.do_go_exec_uboot_app
                0x00000000c000c2e0      0x2e0 arch/mips/cpu/octeon/libocteon.o
                0x00000000c000c2e0                do_go_exec_uboot_app
 .text.do_go_exec
                0x00000000c000c5c0      0x130 arch/mips/cpu/octeon/libocteon.o
                0x00000000c000c5c0                do_go_exec
 .text.do_bootelf_exec
                0x00000000c000c6f0       0x58 arch/mips/cpu/octeon/libocteon.o
                0x00000000c000c6f0                do_bootelf_exec
 .text.timer_init
                0x00000000c000c748       0x3c arch/mips/cpu/octeon/libocteon.o
                0x00000000c000c748                timer_init
 .text.get_timer
                0x00000000c000c784       0x78 arch/mips/cpu/octeon/libocteon.o
                0x00000000c000c784                get_timer
 .text.__udelay
                0x00000000c000c7fc       0x4c arch/mips/cpu/octeon/libocteon.o
                0x00000000c000c7fc                __udelay
 .text.get_ticks
                0x00000000c000c848       0x20 arch/mips/cpu/octeon/libocteon.o
                0x00000000c000c848                get_ticks
 .text.get_tbclk
                0x00000000c000c868        0x8 arch/mips/cpu/octeon/libocteon.o
                0x00000000c000c868                get_tbclk
 .text.octeon_set_one_fdt_mac
                0x00000000c000c870       0x88 arch/mips/cpu/octeon/libocteon.o
 .text.__octeon_fdt_patch_rename
                0x00000000c000c8f8      0x3a4 arch/mips/cpu/octeon/libocteon.o
                0x00000000c000c8f8                __octeon_fdt_patch_rename
                0x00000000c000c8f8                octeon_fdt_patch_rename
 .text.__octeon_fdt_patch
                0x00000000c000cc9c       0x64 arch/mips/cpu/octeon/libocteon.o
                0x00000000c000cc9c                __octeon_fdt_patch
                0x00000000c000cc9c                octeon_fdt_patch
 .text.__octeon_fixup_fdt
                0x00000000c000cd00      0x38c arch/mips/cpu/octeon/libocteon.o
                0x00000000c000cd00                octeon_fixup_fdt
                0x00000000c000cd00                __octeon_fixup_fdt
 .text.break_core_start_app
                0x00000000c000d08c        0xc arch/mips/cpu/octeon/libocteon.o
                0x00000000c000d08c                break_core_start_app
 .text.alloc_tlbs
                0x00000000c000d098      0x144 arch/mips/cpu/octeon/libocteon.o
 .text.unlikely.octeon_setup_crt0_tlb
                0x00000000c000d1dc       0xa4 arch/mips/cpu/octeon/libocteon.o
 .text.octeon_parse_nodes
                0x00000000c000d280       0x8c arch/mips/cpu/octeon/libocteon.o
 .text.get_tlb_mapping_size.part.1
                0x00000000c000d30c       0x4c arch/mips/cpu/octeon/libocteon.o
 .text.octeon_parse_bootopts
                0x00000000c000d358      0x5f0 arch/mips/cpu/octeon/libocteon.o
                0x00000000c000d358                octeon_parse_bootopts
 .text.add_tlb_mapping
                0x00000000c000d948      0x42c arch/mips/cpu/octeon/libocteon.o
                0x00000000c000d948                add_tlb_mapping
 .text.copy_tlb_entry
                0x00000000c000dd74       0xa8 arch/mips/cpu/octeon/libocteon.o
                0x00000000c000dd74                copy_tlb_entry
 .text.mem_set_tlb
                0x00000000c000de1c      0x198 arch/mips/cpu/octeon/libocteon.o
                0x00000000c000de1c                mem_set_tlb
 .text.bl_write_tlb
                0x00000000c000dfb4       0x34 arch/mips/cpu/octeon/libocteon.o
                0x00000000c000dfb4                bl_write_tlb
 .text._start_app
                0x00000000c000dfe8      0x26c arch/mips/cpu/octeon/libocteon.o
 .text.start_app
                0x00000000c000e254        0x8 arch/mips/cpu/octeon/libocteon.o
                0x00000000c000e254                start_app
 .text.start_app_hotplug
                0x00000000c000e25c        0x8 arch/mips/cpu/octeon/libocteon.o
                0x00000000c000e25c                start_app_hotplug
 .text.copy_elf64_header
                0x00000000c000e264       0x6c arch/mips/cpu/octeon/libocteon.o
                0x00000000c000e264                copy_elf64_header
 .text.copy_elf64_section_header
                0x00000000c000e2d0       0x54 arch/mips/cpu/octeon/libocteon.o
                0x00000000c000e2d0                copy_elf64_section_header
 .text.copy_elf64_program_header
                0x00000000c000e324       0x44 arch/mips/cpu/octeon/libocteon.o
                0x00000000c000e324                copy_elf64_program_header
 .text.read_elf_info
                0x00000000c000e368      0x48c arch/mips/cpu/octeon/libocteon.o
                0x00000000c000e368                read_elf_info
 .text.do_bootocteon
                0x00000000c000e7f4      0xe8c arch/mips/cpu/octeon/libocteon.o
                0x00000000c000e7f4                do_bootocteon
 .text.idle_core_start_app
                0x00000000c000f680       0x6c arch/mips/cpu/octeon/libocteon.o
                0x00000000c000f680                idle_core_start_app
 .text.elf_accessors_le16
                0x00000000c000f6ec        0xc arch/mips/cpu/octeon/libocteon.o
 .text.elf_accessors_le32
                0x00000000c000f6f8       0x10 arch/mips/cpu/octeon/libocteon.o
 .text.elf_accessors_be16
                0x00000000c000f708        0x8 arch/mips/cpu/octeon/libocteon.o
 .text.elf_accessors_be32
                0x00000000c000f710        0x8 arch/mips/cpu/octeon/libocteon.o
 .text.elf_accessors_be64
                0x00000000c000f718        0x8 arch/mips/cpu/octeon/libocteon.o
 .text.elf_accessors_le64
                0x00000000c000f720       0x10 arch/mips/cpu/octeon/libocteon.o
 .text.get_elf_accessors
                0x00000000c000f730       0x20 arch/mips/cpu/octeon/libocteon.o
                0x00000000c000f730                get_elf_accessors
 .text.valid_elf_image
                0x00000000c000f750       0xe0 arch/mips/cpu/octeon/libocteon.o
                0x00000000c000f750                valid_elf_image
 .text.load_elf_image
                0x00000000c000f830      0x140 arch/mips/cpu/octeon/libocteon.o
                0x00000000c000f830                load_elf_image
 .text.do_bootvx
                0x00000000c000f970      0x2dc arch/mips/cpu/octeon/libocteon.o
                0x00000000c000f970                do_bootvx
 .text.load_elf64_image
                0x00000000c000fc4c      0x314 arch/mips/cpu/octeon/libocteon.o
                0x00000000c000fc4c                load_elf64_image
 .text.do_bootelf
                0x00000000c000ff60       0xd8 arch/mips/cpu/octeon/libocteon.o
                0x00000000c000ff60                do_bootelf
 .text.do_nmi   0x00000000c0010038      0x1a8 arch/mips/cpu/octeon/libocteon.o
                0x00000000c0010038                do_nmi
 .text.validate_header
                0x00000000c00101e0       0xcc arch/mips/cpu/octeon/libocteon.o
                0x00000000c00101e0                validate_header
 .text.get_image_size
                0x00000000c00102ac       0x48 arch/mips/cpu/octeon/libocteon.o
                0x00000000c00102ac                get_image_size
 .text.validate_data
                0x00000000c00102f4       0x78 arch/mips/cpu/octeon/libocteon.o
                0x00000000c00102f4                validate_data
 .text.do_bootloader_validate
                0x00000000c001036c       0xf0 arch/mips/cpu/octeon/libocteon.o
                0x00000000c001036c                do_bootloader_validate
 .text.do_bootloader_update
                0x00000000c001045c     0x17b0 arch/mips/cpu/octeon/libocteon.o
                0x00000000c001045c                do_bootloader_update
 .text.do_octreginfo
                0x00000000c0011c0c      0x5fc arch/mips/cpu/octeon/libocteon.o
                0x00000000c0011c0c                do_octreginfo
 .text.do_icache_invalidate
                0x00000000c0012208       0x14 arch/mips/cpu/octeon/libocteon.o
                0x00000000c0012208                do_icache_invalidate
 .text.do_dcache_flush
                0x00000000c001221c       0x14 arch/mips/cpu/octeon/libocteon.o
                0x00000000c001221c                do_dcache_flush
 .text.do_flush_l2c
                0x00000000c0012230       0x20 arch/mips/cpu/octeon/libocteon.o
                0x00000000c0012230                do_flush_l2c
 .text.do_bootmem_free_print
                0x00000000c0012250       0x20 arch/mips/cpu/octeon/libocteon.o
                0x00000000c0012250                do_bootmem_free_print
 .text.do_bootmem_named_print
                0x00000000c0012270       0x20 arch/mips/cpu/octeon/libocteon.o
                0x00000000c0012270                do_bootmem_named_print
 .text.do_bootmem_named_free
                0x00000000c0012290       0x6c arch/mips/cpu/octeon/libocteon.o
                0x00000000c0012290                do_bootmem_named_free
 .text.do_bootmem_named_alloc
                0x00000000c00122fc      0x154 arch/mips/cpu/octeon/libocteon.o
                0x00000000c00122fc                do_bootmem_named_alloc
 .text.do_write64l
                0x00000000c0012450       0x88 arch/mips/cpu/octeon/libocteon.o
                0x00000000c0012450                do_write64l
 .text.do_write64s
                0x00000000c00124d8       0x8c arch/mips/cpu/octeon/libocteon.o
                0x00000000c00124d8                do_write64s
 .text.do_write64
                0x00000000c0012564       0xac arch/mips/cpu/octeon/libocteon.o
                0x00000000c0012564                do_write64
 .text.do_read64s
                0x00000000c0012610       0x78 arch/mips/cpu/octeon/libocteon.o
                0x00000000c0012610                do_read64s
 .text.do_write64b
                0x00000000c0012688       0x90 arch/mips/cpu/octeon/libocteon.o
                0x00000000c0012688                do_write64b
 .text.do_read64l
                0x00000000c0012718       0x84 arch/mips/cpu/octeon/libocteon.o
                0x00000000c0012718                do_read64l
 .text.do_read64
                0x00000000c001279c       0x84 arch/mips/cpu/octeon/libocteon.o
                0x00000000c001279c                do_read64
 .text.do_read64b
                0x00000000c0012820       0x8c arch/mips/cpu/octeon/libocteon.o
                0x00000000c0012820                do_read64b
 .text.do_mem_loop64
                0x00000000c00128ac      0x1a4 arch/mips/cpu/octeon/libocteon.o
                0x00000000c00128ac                do_mem_loop64
 .text.do_mem_base64
                0x00000000c0012a50       0x4c arch/mips/cpu/octeon/libocteon.o
                0x00000000c0012a50                do_mem_base64
 .text.do_mem_cmp64
                0x00000000c0012a9c      0x1cc arch/mips/cpu/octeon/libocteon.o
                0x00000000c0012a9c                do_mem_cmp64
 .text.do_mem_cp64
                0x00000000c0012c68      0x160 arch/mips/cpu/octeon/libocteon.o
                0x00000000c0012c68                do_mem_cp64
 .text.mod_mem64.isra.0
                0x00000000c0012dc8      0x260 arch/mips/cpu/octeon/libocteon.o
 .text.do_mem_nm64
                0x00000000c0013028        0x8 arch/mips/cpu/octeon/libocteon.o
                0x00000000c0013028                do_mem_nm64
 .text.do_mem_mm64
                0x00000000c0013030        0x8 arch/mips/cpu/octeon/libocteon.o
                0x00000000c0013030                do_mem_mm64
 .text.print_buffer64
                0x00000000c0013038      0x260 arch/mips/cpu/octeon/libocteon.o
                0x00000000c0013038                print_buffer64
 .text.cmd_get_data_swap64
                0x00000000c0013298       0x40 arch/mips/cpu/octeon/libocteon.o
                0x00000000c0013298                cmd_get_data_swap64
 .text.do_mem_mw64
                0x00000000c00132d8      0x1b0 arch/mips/cpu/octeon/libocteon.o
                0x00000000c00132d8                do_mem_mw64
 .text.do_mem_md64
                0x00000000c0013488      0x144 arch/mips/cpu/octeon/libocteon.o
                0x00000000c0013488                do_mem_md64
 .text.do_bootoctelf
                0x00000000c00135cc      0x58c arch/mips/cpu/octeon/libocteon.o
                0x00000000c00135cc                do_bootoctelf
 .text.setup_linux_app_boot_info
                0x00000000c0013b58      0x130 arch/mips/cpu/octeon/libocteon.o
                0x00000000c0013b58                setup_linux_app_boot_info
 .text.do_bootoctlinux
                0x00000000c0013c88      0x874 arch/mips/cpu/octeon/libocteon.o
                0x00000000c0013c88                do_bootoctlinux
 .text.start_os_common
                0x00000000c00144fc       0xb8 arch/mips/cpu/octeon/libocteon.o
                0x00000000c00144fc                start_os_common
 .text.start_elf
                0x00000000c00145b4       0xc0 arch/mips/cpu/octeon/libocteon.o
                0x00000000c00145b4                start_elf
 .text.start_linux
                0x00000000c0014674       0xe4 arch/mips/cpu/octeon/libocteon.o
                0x00000000c0014674                start_linux
 .text.encode_time
                0x00000000c0014758       0x40 arch/mips/cpu/octeon/libocteon.o
 .text.do_boot_bus_set
                0x00000000c0014798      0x3bc arch/mips/cpu/octeon/libocteon.o
                0x00000000c0014798                do_boot_bus_set
 .text.do_boot_bus_print
                0x00000000c0014b54      0x454 arch/mips/cpu/octeon/libocteon.o
                0x00000000c0014b54                do_boot_bus_print
 .text.do_boot_bus
                0x00000000c0014fa8       0xa0 arch/mips/cpu/octeon/libocteon.o
                0x00000000c0014fa8                do_boot_bus
 .text.md5      0x00000000c0015048      0x1dc arch/mips/cpu/octeon/libocteon.o
                0x00000000c0015048                md5
 .text.md5_wd   0x00000000c0015224        0x8 arch/mips/cpu/octeon/libocteon.o
                0x00000000c0015224                md5_wd
 .text.sha1_update.part.0
                0x00000000c001522c      0x1dc arch/mips/cpu/octeon/libocteon.o
 .text.sha1_starts
                0x00000000c0015408       0x48 arch/mips/cpu/octeon/libocteon.o
                0x00000000c0015408                sha1_starts
 .text.sha1_update
                0x00000000c0015450       0x18 arch/mips/cpu/octeon/libocteon.o
                0x00000000c0015450                sha1_update
 .text.sha1_finish
                0x00000000c0015468      0x168 arch/mips/cpu/octeon/libocteon.o
                0x00000000c0015468                sha1_finish
 .text.sha1_csum_wd
                0x00000000c00155d0       0x6c arch/mips/cpu/octeon/libocteon.o
                0x00000000c00155d0                sha1_csum_wd
 .text.__set_qlm_pcie_mode_61xx
                0x00000000c001563c       0xb4 arch/mips/cpu/octeon/libocteon.o
 .text.__qlm_tune_cn78xx
                0x00000000c00156f0      0x188 arch/mips/cpu/octeon/libocteon.o
 .text.__setup_pem_reset
                0x00000000c0015878       0x6c arch/mips/cpu/octeon/libocteon.o
 .text.__qlm_setup_pll_cn78xx
                0x00000000c00158e4      0x23c arch/mips/cpu/octeon/libocteon.o
 .text.__cvmx_qlm_pcie_errata_cn78xx
                0x00000000c0015b20      0x988 arch/mips/cpu/octeon/libocteon.o
 .text.__dlmx_setup_pcie_cn70xx.isra.0.part.1
                0x00000000c00164a8      0x6ec arch/mips/cpu/octeon/libocteon.o
 .text.__qlm_init_errata_20844
                0x00000000c0016b94      0x140 arch/mips/cpu/octeon/libocteon.o
 .text.__get_lane_mode_for_speed_and_ref_clk
                0x00000000c0016cd4      0x138 arch/mips/cpu/octeon/libocteon.o
 .text.cvmx_qlm_is_ref_clock
                0x00000000c0016e0c       0x64 arch/mips/cpu/octeon/libocteon.o
                0x00000000c0016e0c                cvmx_qlm_is_ref_clock
 .text.__get_qlm_spd
                0x00000000c0016e70      0x158 arch/mips/cpu/octeon/libocteon.o
 .text.octeon_configure_qlm_cn78xx
                0x00000000c0016fc8      0xb48 arch/mips/cpu/octeon/libocteon.o
                0x00000000c0016fc8                octeon_configure_qlm_cn78xx
 .text.octeon_configure_qlm
                0x00000000c0017b10     0x20ac arch/mips/cpu/octeon/libocteon.o
                0x00000000c0017b10                octeon_configure_qlm
 .text.ocx_duplicate_node
                0x00000000c0019bbc       0x60 arch/mips/cpu/octeon/libocteon.o
 .text.ocx_pp_read
                0x00000000c0019c1c       0xb8 arch/mips/cpu/octeon/libocteon.o
 .text.ocx_pp_write
                0x00000000c0019cd4       0x9c arch/mips/cpu/octeon/libocteon.o
 .text.oci_init
                0x00000000c0019d70      0xacc arch/mips/cpu/octeon/libocteon.o
                0x00000000c0019d70                oci_init
 .text.octeon_dram_test
                0x00000000c001a83c        0x8 arch/mips/lib/libmips.o
                0x00000000c001a83c                octeon_dram_test
 .text.octeon_early_console_init_f
                0x00000000c001a844       0x14 arch/mips/lib/libmips.o
 .text.display_banner
                0x00000000c001a858       0x2c arch/mips/lib/libmips.o
 .text.init_baudrate
                0x00000000c001a884       0x60 arch/mips/lib/libmips.o
 .text.__early_uart_init_f
                0x00000000c001a8e4       0x34 arch/mips/lib/libmips.o
                0x00000000c001a8e4                early_uart_init_f
                0x00000000c001a8e4                __early_uart_init_f
 .text.__octeon_setup_clocks
                0x00000000c001a918      0x150 arch/mips/lib/libmips.o
                0x00000000c001a918                __octeon_setup_clocks
                0x00000000c001a918                octeon_setup_clocks
 .text.early_board_init_r
                0x00000000c001aa68        0x8 arch/mips/lib/libmips.o
                0x00000000c001aa68                early_board_init_r
 .text.misc_init_r
                0x00000000c001aa70        0x8 arch/mips/lib/libmips.o
                0x00000000c001aa70                misc_init_r
 .text.board_init_f
                0x00000000c001aa78      0x448 arch/mips/lib/libmips.o
                0x00000000c001aa78                board_init_f
 .text.board_init_r
                0x00000000c001aec0     0x225c arch/mips/lib/libmips.o
                0x00000000c001aec0                board_init_r
 .text.linux_env_set
                0x00000000c001d11c       0xe8 arch/mips/lib/libmips.o
 .text.boot_prep_linux
                0x00000000c001d204      0x2a0 arch/mips/lib/libmips.o
 .text.boot_jump_linux
                0x00000000c001d4a4       0x54 arch/mips/lib/libmips.o
 .text.do_bootm_linux
                0x00000000c001d4f8       0x78 arch/mips/lib/libmips.o
                0x00000000c001d4f8                do_bootm_linux
 .text.octeon_adjust_board_name
                0x00000000c001d570        0x8 board/octeon/common/libocteon.o
                0x00000000c001d570                octeon_adjust_board_name
 .text.__display_board_info
                0x00000000c001d578      0xbf4 board/octeon/common/libocteon.o
                0x00000000c001d578                __display_board_info
                0x00000000c001d578                display_board_info
 .text.late_board_init
                0x00000000c001e16c        0x8 board/octeon/common/libocteon.o
                0x00000000c001e16c                late_board_init
 .text.__octeon_boot_bus_get_range
                0x00000000c001e174      0x13c board/octeon/common/libocteon.o
                0x00000000c001e174                octeon_boot_bus_get_range
                0x00000000c001e174                __octeon_boot_bus_get_range
 .text.do_bdinfo
                0x00000000c001e2b0      0x10c common/libcommon.o
                0x00000000c001e2b0                do_bdinfo
 .text.do_go    0x00000000c001e3bc       0x94 common/libcommon.o
 .text.image_info
                0x00000000c001e450      0x130 common/libcommon.o
 .text.do_bootd
                0x00000000c001e580       0x34 common/libcommon.o
                0x00000000c001e580                do_bootd
 .text.copy_args
                0x00000000c001e5b4       0x8c common/libcommon.o
 .text.do_bootm_rtems
                0x00000000c001e640       0x74 common/libcommon.o
 .text.do_iminfo
                0x00000000c001e6b4       0xb0 common/libcommon.o
 .text.do_bootm_plan9
                0x00000000c001e764       0xf0 common/libcommon.o
 .text.do_bootm_netbsd
                0x00000000c001e854      0x14c common/libcommon.o
 .text.do_bootm_states.isra.15.constprop.16
                0x00000000c001e9a0      0xc1c common/libcommon.o
 .text.do_bootm
                0x00000000c001f5bc      0x118 common/libcommon.o
                0x00000000c001f5bc                do_bootm
 .text.bootm_maybe_autostart
                0x00000000c001f6d4       0x94 common/libcommon.o
                0x00000000c001f6d4                bootm_maybe_autostart
 .text.do_bunzip
                0x00000000c001f768      0x128 common/libcommon.o
 .text.do_coninfo
                0x00000000c001f890      0x11c common/libcommon.o
 .text.do_echo  0x00000000c001f9ac      0x10c common/libcommon.o
 .text.eeprom_read
                0x00000000c001fab8       0xd8 common/libcommon.o
                0x00000000c001fab8                eeprom_read
 .text.eeprom_write
                0x00000000c001fb90       0xd8 common/libcommon.o
                0x00000000c001fb90                eeprom_write
 .text.do_eeprom
                0x00000000c001fc68      0x134 common/libcommon.o
                0x00000000c001fc68                do_eeprom
 .text.fdt_valid
                0x00000000c001fd9c       0xdc common/libcommon.o
 .text.is_printable_string
                0x00000000c001fe78       0xb8 common/libcommon.o
 .text.print_data
                0x00000000c001ff30      0x238 common/libcommon.o
 .text.set_working_fdt_addr
                0x00000000c0020168       0x18 common/libcommon.o
                0x00000000c0020168                set_working_fdt_addr
 .text.do_fdt   0x00000000c0020180      0xfb0 common/libcommon.o
 .text.do_gpio  0x00000000c0021130      0x168 common/libcommon.o
 .text.do_help  0x00000000c0021298       0x3c common/libcommon.o
 .text.get_alen
                0x00000000c00212d4       0x44 common/libcommon.o
 .text.do_i2c   0x00000000c0021318       0xa0 common/libcommon.o
 .text.do_i2c_reset
                0x00000000c00213b8       0x40 common/libcommon.o
 .text.do_i2c_mw
                0x00000000c00213f8      0x120 common/libcommon.o
 .text.do_i2c_read
                0x00000000c0021518       0xf0 common/libcommon.o
 .text.do_i2c_probe
                0x00000000c0021608       0xcc common/libcommon.o
 .text.do_i2c_md
                0x00000000c00216d4      0x224 common/libcommon.o
 .text.do_i2c_crc
                0x00000000c00218f8      0x148 common/libcommon.o
 .text.do_i2c_bus_num
                0x00000000c0021a40       0xd4 common/libcommon.o
                0x00000000c0021a40                do_i2c_bus_num
 .text.do_i2c_bus_speed
                0x00000000c0021b14       0x8c common/libcommon.o
 .text.do_i2c_show_bus
                0x00000000c0021ba0      0x130 common/libcommon.o
                0x00000000c0021ba0                do_i2c_show_bus
 .text.do_i2c_write
                0x00000000c0021cd0      0x140 common/libcommon.o
 .text.do_i2c_loop
                0x00000000c0021e10      0x124 common/libcommon.o
 .text.mod_i2c_mem.isra.4
                0x00000000c0021f34      0x248 common/libcommon.o
 .text.do_i2c_nm
                0x00000000c002217c        0x8 common/libcommon.o
 .text.do_i2c_mm
                0x00000000c0022184        0x8 common/libcommon.o
 .text.i2c_init_board
                0x00000000c002218c        0x8 common/libcommon.o
                0x00000000c002218c                i2c_init_board
 .text.evalexp  0x00000000c0022194       0x94 common/libcommon.o
 .text.binary_test
                0x00000000c0022228      0x1f4 common/libcommon.o
 .text.do_itest
                0x00000000c002241c       0xb8 common/libcommon.o
 .text.bin_data_init
                0x00000000c00224d4       0x1c common/libcommon.o
 .text.k_data_restore
                0x00000000c00224f0       0x34 common/libcommon.o
 .text.load_serial_ymodem
                0x00000000c0022524      0x100 common/libcommon.o
 .text.getcxmodem
                0x00000000c0022624       0x2c common/libcommon.o
 .text.write_record
                0x00000000c0022650       0x4c common/libcommon.o
 .text.do_save_serial
                0x00000000c002269c      0x1d4 common/libcommon.o
                0x00000000c002269c                do_save_serial
 .text.bin_data_char
                0x00000000c0022870       0x28 common/libcommon.o
 .text.chk1.constprop.1
                0x00000000c0022898       0x30 common/libcommon.o
 .text.s1_sendpacket.constprop.2
                0x00000000c00228c8       0x60 common/libcommon.o
 .text.load_serial
                0x00000000c0022928      0x214 common/libcommon.o
 .text.do_load_serial
                0x00000000c0022b3c      0x104 common/libcommon.o
 .text.do_load_serial_bin
                0x00000000c0022c40      0x8f8 common/libcommon.o
 .text.do_md5sum
                0x00000000c0023538      0x178 common/libcommon.o
 .text.do_mem_loop
                0x00000000c00236b0      0x190 common/libcommon.o
 .text.do_mem_base
                0x00000000c0023840       0x4c common/libcommon.o
 .text.do_mem_cmp
                0x00000000c002388c      0x1b4 common/libcommon.o
 .text.do_mem_crc
                0x00000000c0023a40       0xac common/libcommon.o
 .text.do_mem_cp
                0x00000000c0023aec      0x134 common/libcommon.o
 .text.do_mem_mw
                0x00000000c0023c20      0x118 common/libcommon.o
 .text.do_mem_md
                0x00000000c0023d38      0x11c common/libcommon.o
 .text.mod_mem.isra.2
                0x00000000c0023e54      0x20c common/libcommon.o
 .text.do_mem_nm
                0x00000000c0024060        0x8 common/libcommon.o
 .text.do_mem_mm
                0x00000000c0024068        0x8 common/libcommon.o
 .text.board_show_dram
                0x00000000c0024070       0x38 common/libcommon.o
                0x00000000c0024070                board_show_dram
 .text.do_mem_info
                0x00000000c00240a8       0x24 common/libcommon.o
 .text.extract_range
                0x00000000c00240cc       0x6c common/libcommon.o
 .text.do_mii   0x00000000c0024138      0x7dc common/libcommon.o
 .text.do_sleep
                0x00000000c0024914       0x9c common/libcommon.o
 .text.do_ping  0x00000000c00249b0       0x84 common/libcommon.o
 .text.netboot_common
                0x00000000c0024a34      0x364 common/libcommon.o
 .text.do_nfs   0x00000000c0024d98        0xc common/libcommon.o
 .text.do_dhcp  0x00000000c0024da4        0xc common/libcommon.o
 .text.do_tftpsrv
                0x00000000c0024db0        0xc common/libcommon.o
 .text.do_bootp
                0x00000000c0024dbc        0xc common/libcommon.o
 .text.do_tftpput
                0x00000000c0024dc8        0xc common/libcommon.o
                0x00000000c0024dc8                do_tftpput
 .text.do_tftpb
                0x00000000c0024dd4       0x54 common/libcommon.o
                0x00000000c0024dd4                do_tftpb
 .text.do_cdp   0x00000000c0024e28       0xc8 common/libcommon.o
                0x00000000c0024e28                do_cdp
 .text.do_dns   0x00000000c0024ef0       0xb0 common/libcommon.o
                0x00000000c0024ef0                do_dns
 .text.print_active_callback
                0x00000000c0024fa0       0x94 common/libcommon.o
 .text.print_static_binding
                0x00000000c0025034       0x30 common/libcommon.o
 .text.do_env_delete
                0x00000000c0025064       0xf4 common/libcommon.o
 .text.do_env_grep
                0x00000000c0025158      0x128 common/libcommon.o
 .text.env_print
                0x00000000c0025280       0xc0 common/libcommon.o
 .text.do_env_print
                0x00000000c0025340      0x108 common/libcommon.o
 .text.do_env   0x00000000c0025448       0xa0 common/libcommon.o
 .text.do_env_import
                0x00000000c00254e8      0x2a4 common/libcommon.o
 .text.do_env_default
                0x00000000c002578c       0xb8 common/libcommon.o
 .text.do_env_flags
                0x00000000c0025844      0x174 common/libcommon.o
                0x00000000c0025844                do_env_flags
 .text.do_env_callback
                0x00000000c00259b8      0x154 common/libcommon.o
                0x00000000c00259b8                do_env_callback
 .text.print_active_flags
                0x00000000c0025b0c       0x78 common/libcommon.o
 .text.print_static_flags
                0x00000000c0025b84       0x84 common/libcommon.o
 .text._do_env_set.isra.0
                0x00000000c0025c08      0x208 common/libcommon.o
 .text.do_env_set
                0x00000000c0025e10       0x20 common/libcommon.o
 .text.do_env_ask
                0x00000000c0025e30      0x178 common/libcommon.o
                0x00000000c0025e30                do_env_ask
 .text.get_env_id
                0x00000000c0025fa8        0xc common/libcommon.o
                0x00000000c0025fa8                get_env_id
 .text.setenv   0x00000000c0025fb4       0x5c common/libcommon.o
                0x00000000c0025fb4                setenv
 .text.setenv_force
                0x00000000c0026010       0x68 common/libcommon.o
                0x00000000c0026010                setenv_force
 .text.setenv_ulong
                0x00000000c0026078       0x30 common/libcommon.o
                0x00000000c0026078                setenv_ulong
 .text.setenv_hex
                0x00000000c00260a8       0x40 common/libcommon.o
                0x00000000c00260a8                setenv_hex
 .text.do_env_export
                0x00000000c00260e8      0x2e0 common/libcommon.o
 .text.envmatch
                0x00000000c00263c8       0xac common/libcommon.o
                0x00000000c00263c8                envmatch
 .text.getenv_f
                0x00000000c0026474      0x114 common/libcommon.o
                0x00000000c0026474                getenv_f
 .text.getenv   0x00000000c0026588       0x74 common/libcommon.o
                0x00000000c0026588                getenv
 .text.do_env_edit
                0x00000000c00265fc       0x90 common/libcommon.o
 .text.getenv_ulong
                0x00000000c002668c       0x58 common/libcommon.o
                0x00000000c002668c                getenv_ulong
 .text.getenv_hex
                0x00000000c00266e4       0x54 common/libcommon.o
                0x00000000c00266e4                getenv_hex
 .text.get_arg  0x00000000c0026738       0x80 common/libcommon.o
 .text.substitute
                0x00000000c00267b8      0x140 common/libcommon.o
 .text.regex_sub
                0x00000000c00268f8      0x324 common/libcommon.o
 .text.do_setexpr
                0x00000000c0026c1c      0x208 common/libcommon.o
 .text.do_sha1sum
                0x00000000c0026e24       0x40 common/libcommon.o
                0x00000000c0026e24                do_sha1sum
 .text.source   0x00000000c0026e64      0x1e4 common/libcommon.o
                0x00000000c0026e64                source
 .text.do_source
                0x00000000c0027048       0x80 common/libcommon.o
                0x00000000c0027048                do_source
 .text.do_strings
                0x00000000c00270c8      0x10c common/libcommon.o
                0x00000000c00270c8                do_strings
 .text.do_time  0x00000000c00271d4       0xfc common/libcommon.o
 .text.do_unlzma
                0x00000000c00272d0      0x130 common/libcommon.o
 .text.do_unzip
                0x00000000c0027400       0xec common/libcommon.o
 .text.do_version
                0x00000000c00274ec       0x44 common/libcommon.o
 .text.do_imgextract
                0x00000000c0027530      0x424 common/libcommon.o
 .text.find_cmd_tbl
                0x00000000c0027954       0xd0 common/libcommon.o
                0x00000000c0027954                find_cmd_tbl
 .text.find_cmd
                0x00000000c0027a24       0x24 common/libcommon.o
                0x00000000c0027a24                find_cmd
 .text.cmd_usage
                0x00000000c0027a48       0x78 common/libcommon.o
                0x00000000c0027a48                cmd_usage
 .text._do_help
                0x00000000c0027ac0      0x1d0 common/libcommon.o
                0x00000000c0027ac0                _do_help
 .text.var_complete
                0x00000000c0027c90       0x6c common/libcommon.o
                0x00000000c0027c90                var_complete
 .text.cmd_auto_complete
                0x00000000c0027cfc      0x510 common/libcommon.o
                0x00000000c0027cfc                cmd_auto_complete
 .text.cmd_get_data_size
                0x00000000c002820c       0x78 common/libcommon.o
                0x00000000c002820c                cmd_get_data_size
 .text.cmd_process
                0x00000000c0028284      0x14c common/libcommon.o
                0x00000000c0028284                cmd_process
 .text.console_tstc
                0x00000000c00283d0       0xbc common/libcommon.o
 .text.console_putc
                0x00000000c002848c       0x90 common/libcommon.o
 .text.console_puts
                0x00000000c002851c       0x90 common/libcommon.o
 .text.serial_printf
                0x00000000c00285ac       0x54 common/libcommon.o
                0x00000000c00285ac                serial_printf
 .text.on_silent
                0x00000000c0028600        0x8 common/libcommon.o
 .text.fgetc    0x00000000c0028608       0x70 common/libcommon.o
                0x00000000c0028608                fgetc
 .text.fputs    0x00000000c0028678       0x1c common/libcommon.o
                0x00000000c0028678                fputs
 .text.fprintf  0x00000000c0028694       0x5c common/libcommon.o
                0x00000000c0028694                fprintf
 .text.getc     0x00000000c00286f0       0x30 common/libcommon.o
                0x00000000c00286f0                getc
 .text.tstc     0x00000000c0028720       0x30 common/libcommon.o
                0x00000000c0028720                tstc
 .text.putc     0x00000000c0028750       0x3c common/libcommon.o
                0x00000000c0028750                putc
 .text.puts     0x00000000c002878c       0x3c common/libcommon.o
                0x00000000c002878c                puts
 .text.printf   0x00000000c00287c8       0x60 common/libcommon.o
                0x00000000c00287c8                printf
 .text.on_console
                0x00000000c0028828       0xf8 common/libcommon.o
 .text.vprintf  0x00000000c0028920       0x48 common/libcommon.o
                0x00000000c0028920                vprintf
 .text.ctrlc    0x00000000c0028968       0x70 common/libcommon.o
                0x00000000c0028968                ctrlc
 .text.disable_ctrlc
                0x00000000c00289d8       0x10 common/libcommon.o
                0x00000000c00289d8                disable_ctrlc
 .text.had_ctrlc
                0x00000000c00289e8        0xc common/libcommon.o
                0x00000000c00289e8                had_ctrlc
 .text.clear_ctrlc
                0x00000000c00289f4        0xc common/libcommon.o
                0x00000000c00289f4                clear_ctrlc
 .text.search_device
                0x00000000c0028a00       0x44 common/libcommon.o
                0x00000000c0028a00                search_device
 .text.console_assign
                0x00000000c0028a44      0x100 common/libcommon.o
                0x00000000c0028a44                console_assign
 .text.console_init_f
                0x00000000c0028b44       0x44 common/libcommon.o
                0x00000000c0028b44                console_init_f
 .text.console_init_r
                0x00000000c0028b88      0x20c common/libcommon.o
                0x00000000c0028b88                console_init_r
 .text.sbrk     0x00000000c0028d94       0x7c common/libcommon.o
                0x00000000c0028d94                sbrk
 .text.mem_malloc_init
                0x00000000c0028e10       0x20 common/libcommon.o
                0x00000000c0028e10                mem_malloc_init
 .text.malloc_trim
                0x00000000c0028e30       0xf4 common/libcommon.o
                0x00000000c0028e30                malloc_trim
 .text.free     0x00000000c0028f24      0x24c common/libcommon.o
                0x00000000c0028f24                free
 .text.malloc   0x00000000c0029170      0x6a4 common/libcommon.o
                0x00000000c0029170                malloc
 .text.calloc   0x00000000c0029814       0xf8 common/libcommon.o
                0x00000000c0029814                calloc
 .text.realloc  0x00000000c002990c      0x564 common/libcommon.o
                0x00000000c002990c                realloc
 .text.env_attr_walk
                0x00000000c0029e70      0x16c common/libcommon.o
                0x00000000c0029e70                env_attr_walk
 .text.env_attr_lookup
                0x00000000c0029fdc      0x1fc common/libcommon.o
                0x00000000c0029fdc                env_attr_lookup
 .text.clear_callback
                0x00000000c002a1d8        0xc common/libcommon.o
 .text.on_callbacks
                0x00000000c002a1e4       0x60 common/libcommon.o
 .text.set_callback
                0x00000000c002a244       0xf0 common/libcommon.o
 .text.env_callback_init
                0x00000000c002a334      0x110 common/libcommon.o
                0x00000000c002a334                env_callback_init
 .text.__env_get_char_spec
                0x00000000c002a444       0x10 common/libcommon.o
                0x00000000c002a444                env_get_char_spec
 .text.env_get_addr
                0x00000000c002a454       0x28 common/libcommon.o
                0x00000000c002a454                env_get_addr
 .text.env_get_char_memory
                0x00000000c002a47c       0x20 common/libcommon.o
                0x00000000c002a47c                env_get_char_memory
 .text.env_get_char
                0x00000000c002a49c       0x38 common/libcommon.o
                0x00000000c002a49c                env_get_char
 .text.getenv_yesno
                0x00000000c002a4d4       0x54 common/libcommon.o
                0x00000000c002a4d4                getenv_yesno
 .text.getenv_default
                0x00000000c002a528       0x4c common/libcommon.o
                0x00000000c002a528                getenv_default
 .text.set_default_env
                0x00000000c002a574       0xbc common/libcommon.o
                0x00000000c002a574                set_default_env
 .text.set_default_vars
                0x00000000c002a630       0x28 common/libcommon.o
                0x00000000c002a630                set_default_vars
 .text.__env_import
                0x00000000c002a658       0xd8 common/libcommon.o
                0x00000000c002a658                env_import
                0x00000000c002a658                __env_import
 .text.env_relocate
                0x00000000c002a730       0x1c common/libcommon.o
                0x00000000c002a730                env_relocate
 .text.env_complete
                0x00000000c002a74c      0x138 common/libcommon.o
                0x00000000c002a74c                env_complete
 .text.skip_num
                0x00000000c002a884       0x90 common/libcommon.o
 .text.clear_flags
                0x00000000c002a914        0xc common/libcommon.o
 .text.on_flags
                0x00000000c002a920       0x60 common/libcommon.o
 .text.env_flags_print_vartypes
                0x00000000c002a980       0x70 common/libcommon.o
                0x00000000c002a980                env_flags_print_vartypes
 .text.env_flags_print_varaccess
                0x00000000c002a9f0       0x70 common/libcommon.o
                0x00000000c002a9f0                env_flags_print_varaccess
 .text.env_flags_get_vartype_name
                0x00000000c002aa60       0x18 common/libcommon.o
                0x00000000c002aa60                env_flags_get_vartype_name
 .text.env_flags_get_varaccess_name
                0x00000000c002aa78       0x18 common/libcommon.o
                0x00000000c002aa78                env_flags_get_varaccess_name
 .text.env_flags_parse_vartype
                0x00000000c002aa90       0x74 common/libcommon.o
                0x00000000c002aa90                env_flags_parse_vartype
 .text.env_flags_parse_varaccess
                0x00000000c002ab04       0x68 common/libcommon.o
                0x00000000c002ab04                env_flags_parse_varaccess
 .text.set_flags
                0x00000000c002ab6c       0xbc common/libcommon.o
 .text.env_flags_parse_varaccess_from_binflags
                0x00000000c002ac28       0x54 common/libcommon.o
                0x00000000c002ac28                env_flags_parse_varaccess_from_binflags
 .text.env_flags_init
                0x00000000c002ac7c       0xb8 common/libcommon.o
                0x00000000c002ac7c                env_flags_init
 .text.env_flags_validate
                0x00000000c002ad34      0x398 common/libcommon.o
                0x00000000c002ad34                env_flags_validate
 .text.env_relocate_spec
                0x00000000c002b0cc        0x8 common/libcommon.o
                0x00000000c002b0cc                env_relocate_spec
 .text.env_init
                0x00000000c002b0d4       0x1c common/libcommon.o
                0x00000000c002b0d4                env_init
 .text.dummy    0x00000000c002b0f0        0x8 common/libcommon.o
 .text.get_version
                0x00000000c002b0f8        0x8 common/libcommon.o
                0x00000000c002b0f8                get_version
 .text.jumptable_init
                0x00000000c002b100      0x1b4 common/libcommon.o
                0x00000000c002b100                jumptable_init
 .text.fdt_initrd
                0x00000000c002b2b4      0x1f4 common/libcommon.o
                0x00000000c002b2b4                fdt_initrd
 .text.fdt_chosen
                0x00000000c002b4a8      0x144 common/libcommon.o
                0x00000000c002b4a8                fdt_chosen
 .text.fdt_fixup_memory_banks
                0x00000000c002b5ec      0x2a8 common/libcommon.o
                0x00000000c002b5ec                fdt_fixup_memory_banks
 .text.fdt_fixup_memory
                0x00000000c002b894       0x2c common/libcommon.o
                0x00000000c002b894                fdt_fixup_memory
 .text.fdt_resize
                0x00000000c002b8c0       0xd0 common/libcommon.o
                0x00000000c002b8c0                fdt_resize
 .text.show_hash
                0x00000000c002b990       0x8c common/libcommon.o
 .text.find_hash_algo
                0x00000000c002ba1c       0x70 common/libcommon.o
 .text.hash_command
                0x00000000c002ba8c      0x334 common/libcommon.o
                0x00000000c002ba8c                hash_command
 .text.fdt_error
                0x00000000c002bdc0       0x3c common/libcommon.o
 .text.boot_fdt_add_mem_rsv_regions
                0x00000000c002bdfc       0xb8 common/libcommon.o
                0x00000000c002bdfc                boot_fdt_add_mem_rsv_regions
 .text.boot_relocate_fdt
                0x00000000c002beb4      0x1e8 common/libcommon.o
                0x00000000c002beb4                boot_relocate_fdt
 .text.boot_get_fdt
                0x00000000c002c09c      0x3c4 common/libcommon.o
                0x00000000c002c09c                boot_get_fdt
 .text.fit_parse_conf
                0x00000000c002c460       0x88 common/libcommon.o
                0x00000000c002c460                fit_parse_conf
 .text.fit_parse_subimage
                0x00000000c002c4e8       0x88 common/libcommon.o
                0x00000000c002c4e8                fit_parse_subimage
 .text.fit_get_desc
                0x00000000c002c570       0x3c common/libcommon.o
                0x00000000c002c570                fit_get_desc
 .text.fit_get_timestamp
                0x00000000c002c5ac       0x58 common/libcommon.o
                0x00000000c002c5ac                fit_get_timestamp
 .text.fit_image_get_node
                0x00000000c002c604       0x5c common/libcommon.o
                0x00000000c002c604                fit_image_get_node
 .text.fit_image_get_os
                0x00000000c002c660       0x58 common/libcommon.o
                0x00000000c002c660                fit_image_get_os
 .text.fit_image_get_arch
                0x00000000c002c6b8       0x58 common/libcommon.o
                0x00000000c002c6b8                fit_image_get_arch
 .text.fit_image_get_type
                0x00000000c002c710       0x58 common/libcommon.o
                0x00000000c002c710                fit_image_get_type
 .text.fit_image_get_comp
                0x00000000c002c768       0x58 common/libcommon.o
                0x00000000c002c768                fit_image_get_comp
 .text.fit_image_get_load
                0x00000000c002c7c0       0x44 common/libcommon.o
                0x00000000c002c7c0                fit_image_get_load
 .text.fit_image_get_entry
                0x00000000c002c804       0x44 common/libcommon.o
                0x00000000c002c804                fit_image_get_entry
 .text.fit_image_get_data
                0x00000000c002c848       0x5c common/libcommon.o
                0x00000000c002c848                fit_image_get_data
 .text.fit_image_hash_get_algo
                0x00000000c002c8a4       0x3c common/libcommon.o
                0x00000000c002c8a4                fit_image_hash_get_algo
 .text.fit_image_hash_get_value
                0x00000000c002c8e0       0x5c common/libcommon.o
                0x00000000c002c8e0                fit_image_hash_get_value
 .text.fit_image_print_data
                0x00000000c002c93c      0x1d4 common/libcommon.o
 .text.fit_image_print
                0x00000000c002cb10      0x3f0 common/libcommon.o
                0x00000000c002cb10                fit_image_print
 .text.calculate_hash
                0x00000000c002cf00       0xf0 common/libcommon.o
                0x00000000c002cf00                calculate_hash
 .text.fit_image_verify
                0x00000000c002cff0      0x250 common/libcommon.o
                0x00000000c002cff0                fit_image_verify
 .text.fit_all_image_verify
                0x00000000c002d240      0x148 common/libcommon.o
                0x00000000c002d240                fit_all_image_verify
 .text.fit_image_check_os
                0x00000000c002d388       0x3c common/libcommon.o
                0x00000000c002d388                fit_image_check_os
 .text.fit_image_check_arch
                0x00000000c002d3c4       0x3c common/libcommon.o
                0x00000000c002d3c4                fit_image_check_arch
 .text.fit_image_check_type
                0x00000000c002d400       0x3c common/libcommon.o
                0x00000000c002d400                fit_image_check_type
 .text.fit_image_check_comp
                0x00000000c002d43c       0x3c common/libcommon.o
                0x00000000c002d43c                fit_image_check_comp
 .text.fit_check_format
                0x00000000c002d478       0x74 common/libcommon.o
                0x00000000c002d478                fit_check_format
 .text.fit_conf_get_node
                0x00000000c002d4ec       0x90 common/libcommon.o
                0x00000000c002d4ec                fit_conf_get_node
 .text.fit_conf_get_prop_node
                0x00000000c002d57c       0x40 common/libcommon.o
                0x00000000c002d57c                fit_conf_get_prop_node
 .text.fit_conf_print
                0x00000000c002d5bc      0x138 common/libcommon.o
                0x00000000c002d5bc                fit_conf_print
 .text.fit_print_contents
                0x00000000c002d6f4      0x2b0 common/libcommon.o
                0x00000000c002d6f4                fit_print_contents
 .text.fit_image_select
                0x00000000c002d9a4       0x9c common/libcommon.o
                0x00000000c002d9a4                fit_image_select
 .text.fit_get_node_from_config
                0x00000000c002da40       0x64 common/libcommon.o
                0x00000000c002da40                fit_get_node_from_config
 .text.fit_image_load
                0x00000000c002daa4      0x4e0 common/libcommon.o
                0x00000000c002daa4                fit_image_load
 .text.on_loadaddr
                0x00000000c002df84       0x40 common/libcommon.o
 .text.image_check_hcrc
                0x00000000c002dfc4       0x4c common/libcommon.o
                0x00000000c002dfc4                image_check_hcrc
 .text.image_check_dcrc
                0x00000000c002e010       0x3c common/libcommon.o
                0x00000000c002e010                image_check_dcrc
 .text.image_multi_count
                0x00000000c002e04c       0x20 common/libcommon.o
                0x00000000c002e04c                image_multi_count
 .text.image_multi_getimg
                0x00000000c002e06c       0xac common/libcommon.o
                0x00000000c002e06c                image_multi_getimg
 .text.getenv_bootm_low
                0x00000000c002e118       0x3c common/libcommon.o
                0x00000000c002e118                getenv_bootm_low
 .text.getenv_bootm_size
                0x00000000c002e154       0x74 common/libcommon.o
                0x00000000c002e154                getenv_bootm_size
 .text.getenv_bootm_mapsize
                0x00000000c002e1c8       0x3c common/libcommon.o
                0x00000000c002e1c8                getenv_bootm_mapsize
 .text.memmove_wd
                0x00000000c002e204       0x18 common/libcommon.o
                0x00000000c002e204                memmove_wd
 .text.genimg_print_size
                0x00000000c002e21c       0x3c common/libcommon.o
                0x00000000c002e21c                genimg_print_size
 .text.genimg_print_time
                0x00000000c002e258       0x40 common/libcommon.o
                0x00000000c002e258                genimg_print_time
 .text.get_table_entry_name
                0x00000000c002e298       0x34 common/libcommon.o
                0x00000000c002e298                get_table_entry_name
 .text.genimg_get_os_name
                0x00000000c002e2cc       0x18 common/libcommon.o
                0x00000000c002e2cc                genimg_get_os_name
 .text.genimg_get_arch_name
                0x00000000c002e2e4       0x18 common/libcommon.o
                0x00000000c002e2e4                genimg_get_arch_name
 .text.genimg_get_type_name
                0x00000000c002e2fc       0x18 common/libcommon.o
                0x00000000c002e2fc                genimg_get_type_name
 .text.genimg_get_comp_name
                0x00000000c002e314       0x18 common/libcommon.o
                0x00000000c002e314                genimg_get_comp_name
 .text.image_print_contents
                0x00000000c002e32c      0x1ac common/libcommon.o
                0x00000000c002e32c                image_print_contents
 .text.get_table_entry_id
                0x00000000c002e4d8       0x60 common/libcommon.o
                0x00000000c002e4d8                get_table_entry_id
 .text.genimg_get_os_id
                0x00000000c002e538       0x18 common/libcommon.o
                0x00000000c002e538                genimg_get_os_id
 .text.genimg_get_arch_id
                0x00000000c002e550       0x18 common/libcommon.o
                0x00000000c002e550                genimg_get_arch_id
 .text.genimg_get_type_id
                0x00000000c002e568       0x18 common/libcommon.o
                0x00000000c002e568                genimg_get_type_id
 .text.genimg_get_comp_id
                0x00000000c002e580       0x18 common/libcommon.o
                0x00000000c002e580                genimg_get_comp_id
 .text.genimg_get_format
                0x00000000c002e598       0x40 common/libcommon.o
                0x00000000c002e598                genimg_get_format
 .text.genimg_get_image
                0x00000000c002e5d8        0x8 common/libcommon.o
                0x00000000c002e5d8                genimg_get_image
 .text.genimg_has_config
                0x00000000c002e5e0        0xc common/libcommon.o
                0x00000000c002e5e0                genimg_has_config
 .text.boot_get_ramdisk
                0x00000000c002e5ec      0x364 common/libcommon.o
                0x00000000c002e5ec                boot_get_ramdisk
 .text.iomux_doenv
                0x00000000c002e950      0x248 common/libcommon.o
                0x00000000c002e950                iomux_doenv
 .text.delete_char.part.0
                0x00000000c002eb98      0x130 common/libcommon.o
 .text.cread_add_char
                0x00000000c002ecc8      0x134 common/libcommon.o
 .text.__show_boot_progress
                0x00000000c002edfc        0x8 common/libcommon.o
                0x00000000c002edfc                __show_boot_progress
                0x00000000c002edfc                show_boot_progress
 .text.readline_into_buffer
                0x00000000c002ee04      0xab4 common/libcommon.o
                0x00000000c002ee04                readline_into_buffer
 .text.readline
                0x00000000c002f8b8       0x14 common/libcommon.o
                0x00000000c002f8b8                readline
 .text.parse_line
                0x00000000c002f8cc       0xd0 common/libcommon.o
                0x00000000c002f8cc                parse_line
 .text.builtin_run_command
                0x00000000c002f99c      0x3a8 common/libcommon.o
 .text.run_command
                0x00000000c002fd44       0x20 common/libcommon.o
                0x00000000c002fd44                run_command
 .text.run_command_list
                0x00000000c002fd64      0x140 common/libcommon.o
                0x00000000c002fd64                run_command_list
 .text.main_loop
                0x00000000c002fea4      0x35c common/libcommon.o
                0x00000000c002fea4                main_loop
 .text.do_run   0x00000000c0030200       0xb0 common/libcommon.o
                0x00000000c0030200                do_run
 .text.miiphy_get_dev_by_name
                0x00000000c00302b0       0x7c common/libcommon.o
                0x00000000c00302b0                miiphy_get_dev_by_name
 .text.miiphy_set_current_dev
                0x00000000c003032c       0x4c common/libcommon.o
                0x00000000c003032c                miiphy_set_current_dev
 .text.miiphy_get_active_dev
                0x00000000c0030378       0x64 common/libcommon.o
 .text.miiphy_get_current_dev
                0x00000000c00303dc       0x18 common/libcommon.o
                0x00000000c00303dc                miiphy_get_current_dev
 .text.miiphy_read
                0x00000000c00303f4       0x68 common/libcommon.o
                0x00000000c00303f4                miiphy_read
 .text.miiphy_write
                0x00000000c003045c       0x68 common/libcommon.o
                0x00000000c003045c                miiphy_write
 .text.miiphy_listdev
                0x00000000c00304c4       0x9c common/libcommon.o
                0x00000000c00304c4                miiphy_listdev
 .text.miiphy_info
                0x00000000c0030560       0xbc common/libcommon.o
                0x00000000c0030560                miiphy_info
 .text.miiphy_speed
                0x00000000c003061c       0xac common/libcommon.o
                0x00000000c003061c                miiphy_speed
 .text.miiphy_duplex
                0x00000000c00306c8       0xac common/libcommon.o
                0x00000000c00306c8                miiphy_duplex
 .text.miiphy_is_1000base_x
                0x00000000c0030774        0x8 common/libcommon.o
                0x00000000c0030774                miiphy_is_1000base_x
 .text.hex1_bin
                0x00000000c003077c       0x40 common/libcommon.o
 .text.hex2_bin
                0x00000000c00307bc       0x54 common/libcommon.o
 .text.srec_decode
                0x00000000c0030810      0x280 common/libcommon.o
                0x00000000c0030810                srec_decode
 .text.stdio_get_list
                0x00000000c0030a90        0xc common/libcommon.o
                0x00000000c0030a90                stdio_get_list
 .text.stdio_get_by_name
                0x00000000c0030a9c       0x74 common/libcommon.o
                0x00000000c0030a9c                stdio_get_by_name
 .text.stdio_clone
                0x00000000c0030b10       0x60 common/libcommon.o
                0x00000000c0030b10                stdio_clone
 .text.stdio_register
                0x00000000c0030b70       0x54 common/libcommon.o
                0x00000000c0030b70                stdio_register
 .text.stdio_init
                0x00000000c0030bc4       0xa0 common/libcommon.o
                0x00000000c0030bc4                stdio_init
 .text.CYGACC_COMM_IF_GETC_TIMEOUT.isra.1
                0x00000000c0030c64       0x84 common/libcommon.o
 .text.xyzModem_flush
                0x00000000c0030ce8       0x20 common/libcommon.o
 .text.xyzModem_get_hdr
                0x00000000c0030d08      0x2b0 common/libcommon.o
 .text.xyzModem_stream_open
                0x00000000c0030fb8      0x2f0 common/libcommon.o
                0x00000000c0030fb8                xyzModem_stream_open
 .text.xyzModem_stream_read
                0x00000000c00312a8      0x2cc common/libcommon.o
                0x00000000c00312a8                xyzModem_stream_read
 .text.xyzModem_stream_close
                0x00000000c0031574       0x3c common/libcommon.o
                0x00000000c0031574                xyzModem_stream_close
 .text.xyzModem_stream_terminate
                0x00000000c00315b0       0xc0 common/libcommon.o
                0x00000000c00315b0                xyzModem_stream_terminate
 .text.xyzModem_error
                0x00000000c0031670       0x30 common/libcommon.o
                0x00000000c0031670                xyzModem_error
 .text.get_dev  0x00000000c00316a0        0x8 disk/libdisk.o
                0x00000000c00316a0                get_dev
 .text.gpio_in_range
                0x00000000c00316a8       0x94 drivers/gpio/libgpio.o
 .text.gpio_direction_input
                0x00000000c003173c      0x374 drivers/gpio/libgpio.o
                0x00000000c003173c                gpio_direction_input
 .text.gpio_direction_output
                0x00000000c0031ab0      0x6f8 drivers/gpio/libgpio.o
                0x00000000c0031ab0                gpio_direction_output
 .text.gpio_get_value
                0x00000000c00321a8       0x5c drivers/gpio/libgpio.o
                0x00000000c00321a8                gpio_get_value
 .text.gpio_request
                0x00000000c0032204       0x28 drivers/gpio/libgpio.o
                0x00000000c0032204                gpio_request
 .text.gpio_free
                0x00000000c003222c        0x8 drivers/gpio/libgpio.o
                0x00000000c003222c                gpio_free
 .text.octeon_i2c_lost_arb
                0x00000000c0032234       0x44 drivers/i2c/libi2c.o
 .text.octeon_init_i2c_bus
                0x00000000c0032278        0x8 drivers/i2c/libi2c.o
                0x00000000c0032278                octeon_init_i2c_bus
 .text.octeon_i2c_set_bus_speed
                0x00000000c0032280        0x8 drivers/i2c/libi2c.o
 .text.is_i2c_bus_valid
                0x00000000c0032288       0xe0 drivers/i2c/libi2c.o
                0x00000000c0032288                is_i2c_bus_valid
 .text.octeon_i2c_write_sw
                0x00000000c0032368       0x90 drivers/i2c/libi2c.o
 .text.octeon_i2c_write_ctl
                0x00000000c00323f8       0x54 drivers/i2c/libi2c.o
 .text.octeon_i2c_read_sw
                0x00000000c003244c       0x9c drivers/i2c/libi2c.o
 .text.octeon_i2c_read_status
                0x00000000c00324e8       0x4c drivers/i2c/libi2c.o
 .text.octeon_i2c_bus_stop
                0x00000000c0032534       0x84 drivers/i2c/libi2c.o
 .text.octeon_i2c_write_int
                0x00000000c00325b8       0x7c drivers/i2c/libi2c.o
 .text.octeon_i2c_write_data
                0x00000000c0032634       0x54 drivers/i2c/libi2c.o
 .text.octeon_i2c_wait
                0x00000000c0032688       0xc0 drivers/i2c/libi2c.o
 .text.octeon_i2c_start
                0x00000000c0032748      0x158 drivers/i2c/libi2c.o
 .text.octeon_i2c_bus_read.constprop.6
                0x00000000c00328a0      0x188 drivers/i2c/libi2c.o
 .text.octeon_i2c_probe
                0x00000000c0032a28       0x4c drivers/i2c/libi2c.o
                0x00000000c0032a28                octeon_i2c_probe
 .text.octeon_i2c_bus_write
                0x00000000c0032a74      0x188 drivers/i2c/libi2c.o
                0x00000000c0032a74                octeon_i2c_bus_write
 .text.octeon_i2c_write
                0x00000000c0032bfc      0x10c drivers/i2c/libi2c.o
 .text.octeon_i2c_read
                0x00000000c0032d08      0x138 drivers/i2c/libi2c.o
 .text.i2c_get_adapter
                0x00000000c0032e40       0x8c drivers/i2c/libi2c.o
                0x00000000c0032e40                i2c_get_adapter
 .text.i2c_init_bus
                0x00000000c0032ecc       0xc8 drivers/i2c/libi2c.o
 .text.i2c_get_bus_num
                0x00000000c0032f94        0xc drivers/i2c/libi2c.o
                0x00000000c0032f94                i2c_get_bus_num
 .text.i2c_set_bus_num
                0x00000000c0032fa0       0xe4 drivers/i2c/libi2c.o
                0x00000000c0032fa0                i2c_set_bus_num
 .text.i2c_init_all
                0x00000000c0033084       0x20 drivers/i2c/libi2c.o
                0x00000000c0033084                i2c_init_all
 .text.i2c_probe
                0x00000000c00330a4       0x4c drivers/i2c/libi2c.o
                0x00000000c00330a4                i2c_probe
 .text.i2c_read
                0x00000000c00330f0       0x8c drivers/i2c/libi2c.o
                0x00000000c00330f0                i2c_read
 .text.i2c_write
                0x00000000c003317c       0x8c drivers/i2c/libi2c.o
                0x00000000c003317c                i2c_write
 .text.i2c_set_bus_speed
                0x00000000c0033208       0x84 drivers/i2c/libi2c.o
                0x00000000c0033208                i2c_set_bus_speed
 .text.i2c_get_bus_speed
                0x00000000c003328c       0x24 drivers/i2c/libi2c.o
                0x00000000c003328c                i2c_get_bus_speed
 .text.__i2c_init
                0x00000000c00332b0       0x14 drivers/i2c/libi2c.o
                0x00000000c00332b0                __i2c_init
                0x00000000c00332b0                i2c_init
 .text.GregorianDay
                0x00000000c00332c4      0x104 drivers/rtc/librtc.o
                0x00000000c00332c4                GregorianDay
 .text.to_tm    0x00000000c00333c8       0xf4 drivers/rtc/librtc.o
                0x00000000c00333c8                to_tm
 .text.get_current
                0x00000000c00334bc       0x44 drivers/serial/libserial.o
 .text.serial_stdio_init
                0x00000000c0033500       0x94 drivers/serial/libserial.o
                0x00000000c0033500                serial_stdio_init
 .text.serial_init
                0x00000000c0033594       0x20 drivers/serial/libserial.o
                0x00000000c0033594                serial_init
 .text.serial_setbrg
                0x00000000c00335b4       0x20 drivers/serial/libserial.o
                0x00000000c00335b4                serial_setbrg
 .text.on_baudrate
                0x00000000c00335d4      0x11c drivers/serial/libserial.o
 .text.serial_getc
                0x00000000c00336f0       0x20 drivers/serial/libserial.o
                0x00000000c00336f0                serial_getc
 .text.serial_tstc
                0x00000000c0033710       0x20 drivers/serial/libserial.o
                0x00000000c0033710                serial_tstc
 .text.serial_putc
                0x00000000c0033730       0x24 drivers/serial/libserial.o
                0x00000000c0033730                serial_putc
 .text.serial_puts
                0x00000000c0033754       0x24 drivers/serial/libserial.o
                0x00000000c0033754                serial_puts
 .text.octeon_serial_putc
                0x00000000c0033778       0x74 drivers/serial/libserial.o
 .text.octeon_serial_puts
                0x00000000c00337ec       0x34 drivers/serial/libserial.o
 .text.default_serial_console
                0x00000000c0033820        0xc drivers/serial/libserial.o
                0x00000000c0033820                default_serial_console
 .text.octeon_board_poll
                0x00000000c003382c        0x8 drivers/serial/libserial.o
                0x00000000c003382c                octeon_board_poll
 .text.octeon_serial_getc
                0x00000000c0033834       0x8c drivers/serial/libserial.o
 .text.octeon_serial_tstc
                0x00000000c00338c0       0x60 drivers/serial/libserial.o
 .text.octeon_uart_setup2
                0x00000000c0033920      0x100 drivers/serial/libserial.o
                0x00000000c0033920                octeon_uart_setup2
 .text.octeon_uart_setup
                0x00000000c0033a20       0x28 drivers/serial/libserial.o
                0x00000000c0033a20                octeon_uart_setup
 .text.octeon_serial_init
                0x00000000c0033a48       0x54 drivers/serial/libserial.o
 .text.octeon_set_baud
                0x00000000c0033a9c       0xcc drivers/serial/libserial.o